ARM Linker, 5.03 [Build 76] [MDK-ARM Lite]

==============================================================================

Section Cross References

    main.o(i.Crash) refers to led.o(i.LED_RedToggle) for LED_RedToggle
    main.o(i.CreateConnection) refers to socket.o(i.sl_Htons) for sl_Htons
    main.o(i.CreateConnection) refers to socket.o(i.sl_Htonl) for sl_Htonl
    main.o(i.CreateConnection) refers to socket.o(i.sl_Socket) for sl_Socket
    main.o(i.CreateConnection) refers to main.o(i.LCD_OutString) for LCD_OutString
    main.o(i.CreateConnection) refers to socket.o(i.sl_Connect) for sl_Connect
    main.o(i.CreateConnection) refers to main.o(.bss) for .bss
    main.o(i.LCD_Init) refers to nokia5110.o(i.Nokia5110_Init) for Nokia5110_Init
    main.o(i.LCD_Init) refers to nokia5110.o(i.Nokia5110_Clear) for Nokia5110_Clear
    main.o(i.LCD_Init) refers to sysctl.o(i.SysCtlPeripheralEnable) for SysCtlPeripheralEnable
    main.o(i.LCD_Init) refers to gpio.o(i.GPIOPinConfigure) for GPIOPinConfigure
    main.o(i.LCD_Init) refers to uartstdio.o(i.UARTStdioConfig) for UARTStdioConfig
    main.o(i.LCD_OutString) refers to nokia5110.o(i.Nokia5110_OutString) for Nokia5110_OutString
    main.o(i.LCD_OutString) refers to uartstdio.o(i.UARTprintf) for UARTprintf
    main.o(i.SimpleLinkGeneralEventHandler) refers to main.o(i.LCD_OutString) for LCD_OutString
    main.o(i.SimpleLinkHttpServerCallback) refers to main.o(i.LCD_OutString) for LCD_OutString
    main.o(i.SimpleLinkNetAppEventHandler) refers to main.o(i.LCD_OutString) for LCD_OutString
    main.o(i.SimpleLinkNetAppEventHandler) refers to main.o(.data) for .data
    main.o(i.SimpleLinkSockEventHandler) refers to main.o(i.LCD_OutString) for LCD_OutString
    main.o(i.SimpleLinkSockEventHandler) refers to main.o(.constdata) for .constdata
    main.o(i.SimpleLinkWlanEventHandler) refers to main.o(i.LCD_OutString) for LCD_OutString
    main.o(i.SimpleLinkWlanEventHandler) refers to main.o(.data) for .data
    main.o(i.WlanConnect) refers to wlan.o(i.sl_WlanConnect) for sl_WlanConnect
    main.o(i.WlanConnect) refers to nonos.o(i._SlNonOsMainLoopTask) for _SlNonOsMainLoopTask
    main.o(i.WlanConnect) refers to main.o(.data) for .data
    main.o(i.configureSimpleLinkToDefaultState) refers to memseta.o(.text) for __aeabi_memclr4
    main.o(i.configureSimpleLinkToDefaultState) refers to device.o(i.sl_Start) for sl_Start
    main.o(i.configureSimpleLinkToDefaultState) refers to wlan.o(i.sl_WlanSetMode) for sl_WlanSetMode
    main.o(i.configureSimpleLinkToDefaultState) refers to device.o(i.sl_Stop) for sl_Stop
    main.o(i.configureSimpleLinkToDefaultState) refers to device.o(i.sl_DevGet) for sl_DevGet
    main.o(i.configureSimpleLinkToDefaultState) refers to wlan.o(i.sl_WlanPolicySet) for sl_WlanPolicySet
    main.o(i.configureSimpleLinkToDefaultState) refers to wlan.o(i.sl_WlanProfileDel) for sl_WlanProfileDel
    main.o(i.configureSimpleLinkToDefaultState) refers to wlan.o(i.sl_WlanDisconnect) for sl_WlanDisconnect
    main.o(i.configureSimpleLinkToDefaultState) refers to netcfg.o(i.sl_NetCfgSet) for sl_NetCfgSet
    main.o(i.configureSimpleLinkToDefaultState) refers to wlan.o(i.sl_WlanSet) for sl_WlanSet
    main.o(i.configureSimpleLinkToDefaultState) refers to netapp.o(i.sl_NetAppMDNSUnRegisterService) for sl_NetAppMDNSUnRegisterService
    main.o(i.configureSimpleLinkToDefaultState) refers to main.o(i.initializeAppVariables) for initializeAppVariables
    main.o(i.configureSimpleLinkToDefaultState) refers to main.o(.data) for .data
    main.o(i.getWeather) refers to memcpya.o(.text) for __aeabi_memcpy4
    main.o(i.getWeather) refers to strlen.o(.text) for strlen
    main.o(i.getWeather) refers to netapp.o(i.sl_NetAppDnsGetHostByName) for sl_NetAppDnsGetHostByName
    main.o(i.getWeather) refers to main.o(i.LCD_OutString) for LCD_OutString
    main.o(i.getWeather) refers to main.o(i.CreateConnection) for CreateConnection
    main.o(i.getWeather) refers to strcpy.o(.text) for strcpy
    main.o(i.getWeather) refers to socket.o(i.sl_Send) for sl_Send
    main.o(i.getWeather) refers to socket.o(i.sl_Recv) for sl_Recv
    main.o(i.getWeather) refers to strstr.o(.text) for strstr
    main.o(i.getWeather) refers to socket.o(i.sl_Close) for sl_Close
    main.o(i.getWeather) refers to main.o(.bss) for .bss
    main.o(i.getWeather) refers to main.o(.constdata) for .constdata
    main.o(i.initializeAppVariables) refers to memseta.o(.text) for __aeabi_memclr4
    main.o(i.initializeAppVariables) refers to main.o(.data) for .data
    main.o(i.initializeAppVariables) refers to main.o(.bss) for .bss
    main.o(i.main) refers to main.o(i.initializeAppVariables) for initializeAppVariables
    main.o(i.main) refers to board.o(i.stopWDT) for stopWDT
    main.o(i.main) refers to board.o(i.initClk) for initClk
    main.o(i.main) refers to main.o(i.LCD_Init) for LCD_Init
    main.o(i.main) refers to led.o(i.LED_Init) for LED_Init
[...]
    gpio.o(i.GPIOPinTypeGPIOOutput) refers to gpio.o(i.GPIODirModeSet) for GPIODirModeSet
    gpio.o(i.GPIOPinTypeGPIOOutputOD) refers to gpio.o(i.GPIOPadConfigSet) for GPIOPadConfigSet
    gpio.o(i.GPIOPinTypeGPIOOutputOD) refers to gpio.o(i.GPIODirModeSet) for GPIODirModeSet
    gpio.o(i.GPIOPinTypeI2C) refers to gpio.o(i.GPIODirModeSet) for GPIODirModeSet
    gpio.o(i.GPIOPinTypeI2C) refers to gpio.o(i.GPIOPadConfigSet) for GPIOPadConfigSet
    gpio.o(i.GPIOPinTypeI2CSCL) refers to gpio.o(i.GPIODirModeSet) for GPIODirModeSet
    gpio.o(i.GPIOPinTypeI2CSCL) refers to gpio.o(i.GPIOPadConfigSet) for GPIOPadConfigSet
    gpio.o(i.GPIOPinTypeKBColumn) refers to gpio.o(i.GPIODirModeSet) for GPIODirModeSet
    gpio.o(i.GPIOPinTypeKBColumn) refers to gpio.o(i.GPIOPadConfigSet) for GPIOPadConfigSet
    gpio.o(i.GPIOPinTypeKBRow) refers to gpio.o(i.GPIODirModeSet) for GPIODirModeSet
    gpio.o(i.GPIOPinTypeKBRow) refers to gpio.o(i.GPIOPadConfigSet) for GPIOPadConfigSet
    gpio.o(i.GPIOPinTypeLCD) refers to gpio.o(i.GPIODirModeSet) for GPIODirModeSet
    gpio.o(i.GPIOPinTypeLCD) refers to gpio.o(i.GPIOPadConfigSet) for GPIOPadConfigSet
    gpio.o(i.GPIOPinTypeLEDSeq) refers to gpio.o(i.GPIODirModeSet) for GPIODirModeSet
    gpio.o(i.GPIOPinTypeLEDSeq) refers to gpio.o(i.GPIOPadConfigSet) for GPIOPadConfigSet
    gpio.o(i.GPIOPinTypeLPC) refers to gpio.o(i.GPIODirModeSet) for GPIODirModeSet
    gpio.o(i.GPIOPinTypeLPC) refers to gpio.o(i.GPIOPadConfigSet) for GPIOPadConfigSet
    gpio.o(i.GPIOPinTypePECIRx) refers to gpio.o(i.GPIODirModeSet) for GPIODirModeSet
    gpio.o(i.GPIOPinTypePECIRx) refers to gpio.o(i.GPIOPadConfigSet) for GPIOPadConfigSet
    gpio.o(i.GPIOPinTypePECITx) refers to gpio.o(i.GPIODirModeSet) for GPIODirModeSet
    gpio.o(i.GPIOPinTypePECITx) refers to gpio.o(i.GPIOPadConfigSet) for GPIOPadConfigSet
    gpio.o(i.GPIOPinTypePWM) refers to gpio.o(i.GPIODirModeSet) for GPIODirModeSet
    gpio.o(i.GPIOPinTypePWM) refers to gpio.o(i.GPIOPadConfigSet) for GPIOPadConfigSet
    gpio.o(i.GPIOPinTypeQEI) refers to gpio.o(i.GPIODirModeSet) for GPIODirModeSet
    gpio.o(i.GPIOPinTypeQEI) refers to gpio.o(i.GPIOPadConfigSet) for GPIOPadConfigSet
    gpio.o(i.GPIOPinTypeSSI) refers to gpio.o(i.GPIODirModeSet) for GPIODirModeSet
    gpio.o(i.GPIOPinTypeSSI) refers to gpio.o(i.GPIOPadConfigSet) for GPIOPadConfigSet
    gpio.o(i.GPIOPinTypeTimer) refers to gpio.o(i.GPIODirModeSet) for GPIODirModeSet
    gpio.o(i.GPIOPinTypeTimer) refers to gpio.o(i.GPIOPadConfigSet) for GPIOPadConfigSet
    gpio.o(i.GPIOPinTypeUART) refers to gpio.o(i.GPIODirModeSet) for GPIODirModeSet
    gpio.o(i.GPIOPinTypeUART) refers to gpio.o(i.GPIOPadConfigSet) for GPIOPadConfigSet
    gpio.o(i.GPIOPinTypeUSBAnalog) refers to gpio.o(i.GPIODirModeSet) for GPIODirModeSet
    gpio.o(i.GPIOPinTypeUSBAnalog) refers to gpio.o(i.GPIOPadConfigSet) for GPIOPadConfigSet
    gpio.o(i.GPIOPinTypeUSBDigital) refers to gpio.o(i.GPIODirModeSet) for GPIODirModeSet
    gpio.o(i.GPIOPinTypeUSBDigital) refers to gpio.o(i.GPIOPadConfigSet) for GPIOPadConfigSet
    gpio.o(i.GPIOPinTypeWakeHigh) refers to gpio.o(i.GPIODirModeSet) for GPIODirModeSet
    gpio.o(i.GPIOPinTypeWakeHigh) refers to gpio.o(i.GPIOPadConfigSet) for GPIOPadConfigSet
    gpio.o(i.GPIOPinTypeWakeLow) refers to gpio.o(i.GPIODirModeSet) for GPIODirModeSet
    gpio.o(i.GPIOPinTypeWakeLow) refers to gpio.o(i.GPIOPadConfigSet) for GPIOPadConfigSet
    interrupt.o(i.IntDisable) refers to interrupt.o(.constdata) for .constdata
    interrupt.o(i.IntEnable) refers to interrupt.o(.constdata) for .constdata
    interrupt.o(i.IntIsEnabled) refers to interrupt.o(.constdata) for .constdata
    interrupt.o(i.IntMasterDisable) refers to cpu.o(.emb_text) for CPUcpsid
    interrupt.o(i.IntMasterEnable) refers to cpu.o(.emb_text) for CPUcpsie
    interrupt.o(i.IntPendClear) refers to interrupt.o(.constdata) for .constdata
    interrupt.o(i.IntPendSet) refers to interrupt.o(.constdata) for .constdata
    interrupt.o(i.IntPriorityGet) refers to interrupt.o(.constdata) for .constdata
    interrupt.o(i.IntPriorityGroupingGet) refers to interrupt.o(.constdata) for .constdata
    interrupt.o(i.IntPriorityGroupingSet) refers to interrupt.o(.constdata) for .constdata
    interrupt.o(i.IntPriorityMaskGet) refers to cpu.o(.emb_text) for CPUbasepriGet
    interrupt.o(i.IntPriorityMaskSet) refers to cpu.o(.emb_text) for CPUbasepriSet
    interrupt.o(i.IntPrioritySet) refers to interrupt.o(.constdata) for .constdata
    interrupt.o(i.IntRegister) refers to interrupt.o(vtable) for vtable
    interrupt.o(i.IntUnregister) refers to interrupt.o(i._IntDefaultHandler) for _IntDefaultHandler
    interrupt.o(i.IntUnregister) refers to interrupt.o(vtable) for vtable
    ssi.o(i.SSIIntRegister) refers to interrupt.o(i.IntRegister) for IntRegister
    ssi.o(i.SSIIntRegister) refers to interrupt.o(i.IntEnable) for IntEnable
    ssi.o(i.SSIIntRegister) refers to ssi.o(.constdata) for .constdata
    ssi.o(i.SSIIntUnregister) refers to interrupt.o(i.IntDisable) for IntDisable
    ssi.o(i.SSIIntUnregister) refers to interrupt.o(i.IntUnregister) for IntUnregister
    ssi.o(i.SSIIntUnregister) refers to ssi.o(.constdata) for .constdata
    sysctl.o(i.SysCtlClockFreqSet) refers to sysctl.o(.constdata) for .constdata
    sysctl.o(i.SysCtlClockGet) refers to sysctl.o(.constdata) for .constdata
    sysctl.o(i.SysCtlClockSet) refers to sysctl.o(.emb_text) for SysCtlDelay
    sysctl.o(i.SysCtlDeepSleep) refers to cpu.o(.emb_text) for CPUwfi
    sysctl.o(i.SysCtlIntRegister) refers to interrupt.o(i.IntRegister) for IntRegister
    sysctl.o(i.SysCtlIntRegister) refers to interrupt.o(i.IntEnable) for IntEnable
    sysctl.o(i.SysCtlIntUnregister) refers to interrupt.o(i.IntDisable) for IntDisable
    sysctl.o(i.SysCtlIntUnregister) refers to interrupt.o(i.IntUnregister) for IntUnregister
    sysctl.o(i.SysCtlSleep) refers to cpu.o(.emb_text) for CPUwfi
    uart.o(i.UARTIntRegister) refers to interrupt.o(i.IntRegister) for IntRegister
    uart.o(i.UARTIntRegister) refers to interrupt.o(i.IntEnable) for IntEnable
    uart.o(i.UARTIntRegister) refers to uart.o(.constdata) for .constdata
    uart.o(i.UARTIntUnregister) refers to interrupt.o(i.IntDisable) for IntDisable
    uart.o(i.UARTIntUnregister) refers to interrupt.o(i.IntUnregister) for IntUnregister
    uart.o(i.UARTIntUnregister) refers to uart.o(.constdata) for .constdata
    entry.o(.ARM.Collect$$$$00000000) refers (Special) to entry10a.o(.ARM.Collect$$$$0000000D) for __rt_final_cpp
    entry.o(.ARM.Collect$$$$00000000) refers (Special) to entry11a.o(.ARM.Collect$$$$0000000F) for __rt_final_exit
    entry.o(.ARM.Collect$$$$00000000) refers (Special) to entry7b.o(.ARM.Collect$$$$00000008) for _main_clock
    entry.o(.ARM.Collect$$$$00000000) refers (Special) to entry8b.o(.ARM.Collect$$$$0000000A) for _main_cpp_init
    entry.o(.ARM.Collect$$$$00000000) refers (Special) to entry9a.o(.ARM.Collect$$$$0000000B) for _main_init
    entry.o(.ARM.Collect$$$$00000000) refers (Special) to entry5.o(.ARM.Collect$$$$00000004) for _main_scatterload
    entry.o(.ARM.Collect$$$$00000000) refers (Special) to entry2.o(.ARM.Collect$$$$00000001) for _main_stk
    entry2.o(.ARM.Collect$$$$00000001) refers to entry2.o(.ARM.Collect$$$$00002712) for __lit__00000000
    entry2.o(.ARM.Collect$$$$00002712) refers to startup_rvmdk.o(STACK) for __initial_sp
    entry2.o(__vectab_stack_and_reset_area) refers to startup_rvmdk.o(STACK) for __initial_sp
    entry2.o(__vectab_stack_and_reset_area) refers to entry.o(.ARM.Collect$$$$00000000) for __main
    entry5.o(.ARM.Collect$$$$00000004) refers to init.o(.text) for __scatterload
    entry9a.o(.ARM.Collect$$$$0000000B) refers to main.o(i.main) for main
    entry9b.o(.ARM.Collect$$$$0000000C) refers to main.o(i.main) for main
    init.o(.text) refers to entry5.o(.ARM.Collect$$$$00000004) for __main_after_scatterload


==============================================================================

Removing Unused input sections from the image.

    Removing main.o(i.SimpleLinkGeneralEventHandler), (28 bytes).
    Removing main.o(i.SimpleLinkSockEventHandler), (68 bytes).
    Removing board.o(i.Delay), (36 bytes).
    Removing board.o(i.MaskIntHdlr), (12 bytes).
    Removing board.o(i.UART1_intHandler), (28 bytes).
    Removing board.o(i.UnMaskIntHdlr), (12 bytes).
    Removing nokia5110.o(i.Nokia5110_ClearBuffer), (24 bytes).
    Removing nokia5110.o(i.Nokia5110_ClrPxl), (44 bytes).
    Removing nokia5110.o(i.Nokia5110_DisplayBuffer), (12 bytes).
    Removing nokia5110.o(i.Nokia5110_DrawFullImage), (34 bytes).
    Removing nokia5110.o(i.Nokia5110_OutUDec), (172 bytes).
    Removing nokia5110.o(i.Nokia5110_PrintBMP), (272 bytes).
    Removing nokia5110.o(i.Nokia5110_SetPxl), (44 bytes).
    Removing nokia5110.o(.bss), (504 bytes).
    Removing led.o(i.LED_BlueToggle), (16 bytes).
    Removing led.o(i.LED_GreenToggle), (16 bytes).
    Removing led.o(i.LED_RedOff), (12 bytes).
    Removing led.o(i.LED_RedOn), (12 bytes).
    Removing device.o(i.sl_DevSet), (64 bytes).
    Removing device.o(i.sl_EventMaskGet), (32 bytes).
    Removing device.o(i.sl_EventMaskSet), (32 bytes).
    Removing device.o(i.sl_Task), (4 bytes).
    Removing fs.o(i._GetCreateFsMode), (84 bytes).
    Removing fs.o(i.sl_FsClose), (104 bytes).
    Removing fs.o(i.sl_FsDel), (64 bytes).
    Removing fs.o(i.sl_FsGetInfo), (96 bytes).
    Removing fs.o(i.sl_FsOpen), (88 bytes).
    Removing fs.o(i.sl_FsRead), (140 bytes).
    Removing fs.o(i.sl_FsWrite), (140 bytes).
    Removing fs.o(i.sl_Strlen), (22 bytes).
    Removing fs.o(.constdata), (44 bytes).
    Removing netapp.o(i._sl_HandleAsync_DnsGetHostByAddr), (2 bytes).
    Removing netapp.o(i.sl_NetAppDnsGetHostByService), (196 bytes).
    Removing netapp.o(i.sl_NetAppGet), (96 bytes).
    Removing netapp.o(i.sl_NetAppGetServiceList), (104 bytes).
    Removing netapp.o(i.sl_NetAppMDNSRegisterService), (24 bytes).
    Removing netapp.o(i.sl_NetAppPingStart), (272 bytes).
    Removing netapp.o(i.sl_NetAppSet), (64 bytes).
    Removing netapp.o(i.sl_NetAppStart), (28 bytes).
    Removing netapp.o(i.sl_NetAppStop), (28 bytes).
    Removing netcfg.o(i.sl_NetCfgGet), (108 bytes).
    Removing socket.o(i.SL_FD_CLR), (16 bytes).
    Removing socket.o(i.SL_FD_ISSET), (22 bytes).
    Removing socket.o(i.SL_FD_SET), (16 bytes).
    Removing socket.o(i.SL_FD_ZERO), (6 bytes).
    Removing socket.o(i._sl_ParseAddress), (50 bytes).
    Removing socket.o(i.sl_Accept), (264 bytes).
    Removing socket.o(i.sl_Bind), (96 bytes).
    Removing socket.o(i.sl_GetSockOpt), (112 bytes).
    Removing socket.o(i.sl_Listen), (36 bytes).
    Removing socket.o(i.sl_RecvFrom), (164 bytes).
    Removing socket.o(i.sl_Select), (272 bytes).
    Removing socket.o(i.sl_SendTo), (174 bytes).
    Removing socket.o(i.sl_SetSockOpt), (64 bytes).
    Removing startup_rvmdk.o(HEAP), (0 bytes).
    Removing startup_rvmdk.o(.text), (0 bytes).
    Removing wlan.o(i.sl_WlanGet), (116 bytes).
    Removing wlan.o(i.sl_WlanGetNetworkList), (68 bytes).
    Removing wlan.o(i.sl_WlanPolicyGet), (116 bytes).
    Removing wlan.o(i.sl_WlanProfileAdd), (436 bytes).
    Removing wlan.o(i.sl_WlanProfileGet), (172 bytes).
    Removing wlan.o(i.sl_WlanRxFilterAdd), (88 bytes).
    Removing wlan.o(i.sl_WlanRxFilterGet), (84 bytes).
    Removing wlan.o(i.sl_WlanRxFilterSet), (52 bytes).
    Removing wlan.o(i.sl_WlanRxStatGet), (40 bytes).
    Removing wlan.o(i.sl_WlanRxStatStart), (8 bytes).
    Removing wlan.o(i.sl_WlanRxStatStop), (8 bytes).
    Removing wlan.o(i.sl_WlanSmartConfigStart), (108 bytes).
    Removing wlan.o(i.sl_WlanSmartConfigStop), (8 bytes).
    Removing uartstdio.o(i.GetBufferCount), (18 bytes).
    Removing uartstdio.o(i.UARTEchoSet), (16 bytes).
    Removing uartstdio.o(i.UARTOutString), (52 bytes).
    Removing uartstdio.o(i.UARTPeek), (60 bytes).
    Removing uartstdio.o(i.UARTRxBytesAvail), (16 bytes).
    Removing uartstdio.o(i.UARTTxBytesFree), (24 bytes).
    Removing uartstdio.o(i.UARTgetc), (44 bytes).
    Removing uartstdio.o(i.UARTgets), (100 bytes).
    Removing ustdlib.o(i.ucmptime), (82 bytes).
    Removing ustdlib.o(i.ulocaltime), (168 bytes).
    Removing ustdlib.o(i.umktime), (58 bytes).
    Removing ustdlib.o(i.urand), (28 bytes).
    Removing ustdlib.o(i.usnprintf), (18 bytes).
    Removing ustdlib.o(i.usprintf), (22 bytes).
    Removing ustdlib.o(i.usrand), (12 bytes).
    Removing ustdlib.o(i.ustrcasecmp), (8 bytes).
    Removing ustdlib.o(i.ustrcmp), (8 bytes).
    Removing ustdlib.o(i.ustrlen), (16 bytes).
    Removing ustdlib.o(i.ustrncasecmp), (70 bytes).
    Removing ustdlib.o(i.ustrncmp), (46 bytes).
    Removing ustdlib.o(i.ustrncpy), (34 bytes).
    Removing ustdlib.o(i.ustrstr), (42 bytes).
    Removing ustdlib.o(i.ustrtof), (320 bytes).
    Removing ustdlib.o(i.ustrtoul), (154 bytes).
    Removing ustdlib.o(i.uvsnprintf), (592 bytes).
    Removing ustdlib.o(.constdata), (76 bytes).
    Removing ustdlib.o(.conststring), (17 bytes).
    Removing ustdlib.o(.data), (4 bytes).
    Removing fpu.o(i.FPUDisable), (16 bytes).
    Removing fpu.o(i.FPUFlushToZeroModeSet), (20 bytes).
    Removing fpu.o(i.FPUHalfPrecisionModeSet), (20 bytes).
    Removing fpu.o(i.FPUNaNModeSet), (20 bytes).
    Removing fpu.o(i.FPURoundingModeSet), (20 bytes).
    Removing fpu.o(i.FPUStackingDisable), (16 bytes).
    Removing fpu.o(i.FPUStackingEnable), (20 bytes).
    Removing gpio.o(i.GPIOADCTriggerDisable), (14 bytes).
    Removing gpio.o(i.GPIOADCTriggerEnable), (14 bytes).
    Removing gpio.o(i.GPIODMATriggerDisable), (14 bytes).
    Removing gpio.o(i.GPIODMATriggerEnable), (14 bytes).
    Removing gpio.o(i.GPIODirModeGet), (34 bytes).
    Removing gpio.o(i.GPIOIntRegister), (88 bytes).
    Removing gpio.o(i.GPIOIntTypeGet), (68 bytes).
    Removing gpio.o(i.GPIOIntUnregister), (88 bytes).
    Removing gpio.o(i.GPIOPadConfigGet), (204 bytes).
    Removing gpio.o(i.GPIOPinRead), (6 bytes).
    Removing gpio.o(i.GPIOPinTypeADC), (28 bytes).
    Removing gpio.o(i.GPIOPinTypeCAN), (28 bytes).
    Removing gpio.o(i.GPIOPinTypeCIR), (28 bytes).
    Removing gpio.o(i.GPIOPinTypeComparator), (28 bytes).
    Removing gpio.o(i.GPIOPinTypeEPI), (28 bytes).
    Removing gpio.o(i.GPIOPinTypeEthernetLED), (28 bytes).
    Removing gpio.o(i.GPIOPinTypeEthernetMII), (28 bytes).
    Removing gpio.o(i.GPIOPinTypeGPIOOutput), (28 bytes).
    Removing gpio.o(i.GPIOPinTypeGPIOOutputOD), (28 bytes).
    Removing gpio.o(i.GPIOPinTypeI2C), (28 bytes).
    Removing gpio.o(i.GPIOPinTypeI2CSCL), (28 bytes).
    Removing gpio.o(i.GPIOPinTypeKBColumn), (28 bytes).
    Removing gpio.o(i.GPIOPinTypeKBRow), (28 bytes).
    Removing gpio.o(i.GPIOPinTypeLCD), (28 bytes).
    Removing gpio.o(i.GPIOPinTypeLEDSeq), (28 bytes).
    Removing gpio.o(i.GPIOPinTypeLPC), (28 bytes).
    Removing gpio.o(i.GPIOPinTypePECIRx), (28 bytes).
    Removing gpio.o(i.GPIOPinTypePECITx), (28 bytes).
    Removing gpio.o(i.GPIOPinTypePWM), (28 bytes).
    Removing gpio.o(i.GPIOPinTypeQEI), (28 bytes).
    Removing gpio.o(i.GPIOPinTypeTimer), (28 bytes).
    Removing gpio.o(i.GPIOPinTypeUART), (28 bytes).
    Removing gpio.o(i.GPIOPinTypeUSBAnalog), (28 bytes).
    Removing gpio.o(i.GPIOPinTypeUSBDigital), (28 bytes).
    Removing gpio.o(i.GPIOPinTypeWakeHigh), (30 bytes).
    Removing gpio.o(i.GPIOPinTypeWakeLow), (30 bytes).
    Removing gpio.o(i.GPIOPinWakeStatus), (6 bytes).
    Removing interrupt.o(i.IntDisable), (100 bytes).
    Removing interrupt.o(i.IntIsEnabled), (96 bytes).
    Removing interrupt.o(i.IntMasterDisable), (14 bytes).
    Removing interrupt.o(i.IntPendClear), (68 bytes).
    Removing interrupt.o(i.IntPendSet), (84 bytes).
    Removing interrupt.o(i.IntPriorityGet), (28 bytes).
    Removing interrupt.o(i.IntPriorityGroupingGet), (36 bytes).
    Removing interrupt.o(i.IntPriorityGroupingSet), (28 bytes).
    Removing interrupt.o(i.IntPriorityMaskGet), (4 bytes).
    Removing interrupt.o(i.IntPriorityMaskSet), (4 bytes).
    Removing interrupt.o(i.IntPrioritySet), (40 bytes).
    Removing interrupt.o(i.IntRegister), (52 bytes).
    Removing interrupt.o(i.IntTrigger), (12 bytes).
    Removing interrupt.o(i.IntUnregister), (20 bytes).
    Removing interrupt.o(i._IntDefaultHandler), (2 bytes).
    Removing interrupt.o(vtable), (620 bytes).
    Removing ssi.o(i.SSIAdvDataPutFrameEnd), (20 bytes).
    Removing ssi.o(i.SSIAdvDataPutFrameEndNonBlocking), (26 bytes).
    Removing ssi.o(i.SSIAdvFrameHoldDisable), (10 bytes).
    Removing ssi.o(i.SSIAdvFrameHoldEnable), (10 bytes).
    Removing ssi.o(i.SSIAdvModeSet), (12 bytes).
    Removing ssi.o(i.SSIBusy), (8 bytes).
    Removing ssi.o(i.SSIClockSourceGet), (6 bytes).
    Removing ssi.o(i.SSIClockSourceSet), (6 bytes).
    Removing ssi.o(i.SSIDMADisable), (10 bytes).
    Removing ssi.o(i.SSIDMAEnable), (8 bytes).
    Removing ssi.o(i.SSIDataGet), (14 bytes).
    Removing ssi.o(i.SSIDataPut), (12 bytes).
    Removing ssi.o(i.SSIDisable), (10 bytes).
    Removing ssi.o(i.SSIIntClear), (4 bytes).
    Removing ssi.o(i.SSIIntDisable), (10 bytes).
    Removing ssi.o(i.SSIIntEnable), (8 bytes).
    Removing ssi.o(i.SSIIntRegister), (88 bytes).
    Removing ssi.o(i.SSIIntStatus), (10 bytes).
    Removing ssi.o(i.SSIIntUnregister), (88 bytes).
    Removing ssi.o(.constdata), (64 bytes).
    Removing sysctl.o(i.SysCtlAltClkConfig), (12 bytes).
    Removing sysctl.o(i.SysCtlClockFreqSet), (712 bytes).
    Removing sysctl.o(i.SysCtlClockOutConfig), (16 bytes).
    Removing sysctl.o(i.SysCtlDeepSleep), (32 bytes).
    Removing sysctl.o(i.SysCtlDeepSleepClockConfigSet), (112 bytes).
    Removing sysctl.o(i.SysCtlDeepSleepClockSet), (12 bytes).
    Removing sysctl.o(i.SysCtlDeepSleepPowerSet), (12 bytes).
    Removing sysctl.o(i.SysCtlFlashSectorSizeGet), (56 bytes).
    Removing sysctl.o(i.SysCtlFlashSizeGet), (56 bytes).
    Removing sysctl.o(i.SysCtlGPIOAHBDisable), (28 bytes).
    Removing sysctl.o(i.SysCtlGPIOAHBEnable), (24 bytes).
    Removing sysctl.o(i.SysCtlIntClear), (12 bytes).
    Removing sysctl.o(i.SysCtlIntDisable), (16 bytes).
    Removing sysctl.o(i.SysCtlIntEnable), (16 bytes).
    Removing sysctl.o(i.SysCtlIntRegister), (20 bytes).
    Removing sysctl.o(i.SysCtlIntStatus), (16 bytes).
    Removing sysctl.o(i.SysCtlIntUnregister), (18 bytes).
    Removing sysctl.o(i.SysCtlLDODeepSleepGet), (12 bytes).
    Removing sysctl.o(i.SysCtlLDODeepSleepSet), (12 bytes).
    Removing sysctl.o(i.SysCtlLDOSleepGet), (12 bytes).
    Removing sysctl.o(i.SysCtlLDOSleepSet), (12 bytes).
    Removing sysctl.o(i.SysCtlMOSCConfigSet), (12 bytes).
    Removing sysctl.o(i.SysCtlNMIClear), (16 bytes).
    Removing sysctl.o(i.SysCtlNMIStatus), (12 bytes).
    Removing sysctl.o(i.SysCtlPIOSCCalibrate), (76 bytes).
    Removing sysctl.o(i.SysCtlPWMClockGet), (24 bytes).
    Removing sysctl.o(i.SysCtlPWMClockSet), (20 bytes).
    Removing sysctl.o(i.SysCtlPeripheralClockGating), (68 bytes).
    Removing sysctl.o(i.SysCtlPeripheralDeepSleepDisable), (40 bytes).
    Removing sysctl.o(i.SysCtlPeripheralDeepSleepEnable), (40 bytes).
    Removing sysctl.o(i.SysCtlPeripheralDisable), (40 bytes).
    Removing sysctl.o(i.SysCtlPeripheralPowerOff), (40 bytes).
    Removing sysctl.o(i.SysCtlPeripheralPowerOn), (40 bytes).
    Removing sysctl.o(i.SysCtlPeripheralPresent), (44 bytes).
    Removing sysctl.o(i.SysCtlPeripheralReady), (44 bytes).
    Removing sysctl.o(i.SysCtlPeripheralReset), (60 bytes).
    Removing sysctl.o(i.SysCtlPeripheralSleepDisable), (40 bytes).
    Removing sysctl.o(i.SysCtlPeripheralSleepEnable), (40 bytes).
    Removing sysctl.o(i.SysCtlReset), (16 bytes).
    Removing sysctl.o(i.SysCtlResetBehaviorGet), (12 bytes).
    Removing sysctl.o(i.SysCtlResetBehaviorSet), (12 bytes).
    Removing sysctl.o(i.SysCtlResetCauseClear), (16 bytes).
    Removing sysctl.o(i.SysCtlResetCauseGet), (12 bytes).
    Removing sysctl.o(i.SysCtlSRAMSizeGet), (16 bytes).
    Removing sysctl.o(i.SysCtlSleep), (4 bytes).
    Removing sysctl.o(i.SysCtlSleepPowerSet), (12 bytes).
    Removing sysctl.o(i.SysCtlUSBPLLDisable), (16 bytes).
    Removing sysctl.o(i.SysCtlUSBPLLEnable), (16 bytes).
    Removing sysctl.o(i.SysCtlVoltageEventClear), (16 bytes).
    Removing sysctl.o(i.SysCtlVoltageEventConfig), (12 bytes).
    Removing sysctl.o(i.SysCtlVoltageEventStatus), (12 bytes).
    Removing uart.o(i.UART9BitAddrSend), (38 bytes).
    Removing uart.o(i.UART9BitAddrSet), (10 bytes).
    Removing uart.o(i.UART9BitDisable), (14 bytes).
    Removing uart.o(i.UART9BitEnable), (14 bytes).
    Removing uart.o(i.UARTBreakCtl), (18 bytes).
    Removing uart.o(i.UARTBusy), (8 bytes).
    Removing uart.o(i.UARTCharGet), (12 bytes).
    Removing uart.o(i.UARTCharGetNonBlocking), (16 bytes).
    Removing uart.o(i.UARTCharPut), (12 bytes).
    Removing uart.o(i.UARTCharPutNonBlocking), (16 bytes).
    Removing uart.o(i.UARTCharsAvail), (10 bytes).
    Removing uart.o(i.UARTClockSourceGet), (6 bytes).
    Removing uart.o(i.UARTClockSourceSet), (6 bytes).
    Removing uart.o(i.UARTConfigGetExpClk), (46 bytes).
    Removing uart.o(i.UARTConfigSetExpClk), (110 bytes).
    Removing uart.o(i.UARTDMADisable), (10 bytes).
    Removing uart.o(i.UARTDMAEnable), (8 bytes).
    Removing uart.o(i.UARTDisable), (30 bytes).
    Removing uart.o(i.UARTDisableSIR), (10 bytes).
    Removing uart.o(i.UARTEnable), (20 bytes).
    Removing uart.o(i.UARTEnableSIR), (18 bytes).
    Removing uart.o(i.UARTFIFODisable), (10 bytes).
    Removing uart.o(i.UARTFIFOEnable), (10 bytes).
    Removing uart.o(i.UARTFIFOLevelGet), (16 bytes).
    Removing uart.o(i.UARTFIFOLevelSet), (6 bytes).
    Removing uart.o(i.UARTFlowControlGet), (8 bytes).
    Removing uart.o(i.UARTFlowControlSet), (12 bytes).
    Removing uart.o(i.UARTIntClear), (4 bytes).
    Removing uart.o(i.UARTIntDisable), (10 bytes).
    Removing uart.o(i.UARTIntEnable), (8 bytes).
    Removing uart.o(i.UARTIntRegister), (88 bytes).
    Removing uart.o(i.UARTIntStatus), (10 bytes).
    Removing uart.o(i.UARTIntUnregister), (88 bytes).
    Removing uart.o(i.UARTModemControlClear), (14 bytes).
    Removing uart.o(i.UARTModemControlGet), (8 bytes).
    Removing uart.o(i.UARTModemControlSet), (12 bytes).
    Removing uart.o(i.UARTModemStatusGet), (10 bytes).
    Removing uart.o(i.UARTParityModeGet), (8 bytes).
    Removing uart.o(i.UARTParityModeSet), (12 bytes).
    Removing uart.o(i.UARTRxErrorClear), (6 bytes).
    Removing uart.o(i.UARTRxErrorGet), (8 bytes).
    Removing uart.o(i.UARTSmartCardDisable), (10 bytes).
    Removing uart.o(i.UARTSmartCardEnable), (22 bytes).
    Removing uart.o(i.UARTSpaceAvail), (10 bytes).
    Removing uart.o(i.UARTTxIntModeGet), (8 bytes).
    Removing uart.o(i.UARTTxIntModeSet), (12 bytes).
    Removing uart.o(.constdata), (128 bytes).

275 unused section(s) (total 13945 bytes) removed from the image.

==============================================================================

Image Symbol Table

    Local Symbols

    Symbol Name                              Value     Ov Type        Size  Object(Section)

    RESET                                    0x00000000   Section      648  startup_rvmdk.o(RESET)
    ../clib/microlib/init/entry.s            0x00000000   Number         0  entry.o ABSOLUTE
    ../clib/microlib/init/entry.s            0x00000000   Number         0  entry11b.o ABSOLUTE
    ../clib/microlib/init/entry.s            0x00000000   Number         0  entry2.o ABSOLUTE
    ../clib/microlib/init/entry.s            0x00000000   Number         0  entry5.o ABSOLUTE
    ../clib/microlib/init/entry.s            0x00000000   Number         0  entry7a.o ABSOLUTE
    ../clib/microlib/init/entry.s            0x00000000   Number         0  entry7b.o ABSOLUTE
    ../clib/microlib/init/entry.s            0x00000000   Number         0  entry8a.o ABSOLUTE
    ../clib/microlib/init/entry.s            0x00000000   Number         0  entry11a.o ABSOLUTE
    ../clib/microlib/init/entry.s            0x00000000   Number         0  entry10b.o ABSOLUTE
    ../clib/microlib/init/entry.s            0x00000000   Number         0  entry8b.o ABSOLUTE
    ../clib/microlib/init/entry.s            0x00000000   Number         0  entry10a.o ABSOLUTE
    ../clib/microlib/init/entry.s            0x00000000   Number         0  entry9b.o ABSOLUTE
    ../clib/microlib/init/entry.s            0x00000000   Number         0  entry9a.o ABSOLUTE
    ../clib/microlib/string/memcpy.c         0x00000000   Number         0  memcpya.o ABSOLUTE
    ../clib/microlib/string/memcpy.c         0x00000000   Number         0  memcpyb.o ABSOLUTE
    ../clib/microlib/string/memset.c         0x00000000   Number         0  memseta.o ABSOLUTE
    ../clib/microlib/string/strcpy.c         0x00000000   Number         0  strcpy.o ABSOLUTE
    ../clib/microlib/string/strlen.c         0x00000000   Number         0  strlen.o ABSOLUTE
    ../clib/microlib/string/strstr.c         0x00000000   Number         0  strstr.o ABSOLUTE
    ..\cc3100\platform\ek-tm4c123gxl\board.c 0x00000000   Number         0  board.o ABSOLUTE
    ..\cc3100\platform\ek-tm4c123gxl\spi.c   0x00000000   Number         0  spi.o ABSOLUTE
    ..\cc3100\platform\ek-tm4c123gxl\uart.c  0x00000000   Number         0  uart.o ABSOLUTE
    ..\cc3100\simplelink\source\device.c     0x00000000   Number         0  device.o ABSOLUTE
    ..\cc3100\simplelink\source\driver.c     0x00000000   Number         0  driver.o ABSOLUTE
    ..\cc3100\simplelink\source\flowcont.c   0x00000000   Number         0  flowcont.o ABSOLUTE
    ..\cc3100\simplelink\source\fs.c         0x00000000   Number         0  fs.o ABSOLUTE
    ..\cc3100\simplelink\source\netapp.c     0x00000000   Number         0  netapp.o ABSOLUTE
    ..\cc3100\simplelink\source\netcfg.c     0x00000000   Number         0  netcfg.o ABSOLUTE
    ..\cc3100\simplelink\source\nonos.c      0x00000000   Number         0  nonos.o ABSOLUTE
    ..\cc3100\simplelink\source\socket.c     0x00000000   Number         0  socket.o ABSOLUTE
    ..\cc3100\simplelink\source\spawn.c      0x00000000   Number         0  spawn.o ABSOLUTE
    ..\cc3100\simplelink\source\wlan.c       0x00000000   Number         0  wlan.o ABSOLUTE
    ..\utils\uartstdio.c                     0x00000000   Number         0  uartstdio.o ABSOLUTE
    ..\utils\ustdlib.c                       0x00000000   Number         0  ustdlib.o ABSOLUTE
    LED.c                                    0x00000000   Number         0  led.o ABSOLUTE
    Nokia5110.c                              0x00000000   Number         0  nokia5110.o ABSOLUTE
    cpu.c                                    0x00000000   Number         0  cpu.o ABSOLUTE
    cpu.c                                    0x00000000   Number         0  cpu.o ABSOLUTE
    dc.s                                     0x00000000   Number         0  dc.o ABSOLUTE
    fpu.c                                    0x00000000   Number         0  fpu.o ABSOLUTE
    gpio.c                                   0x00000000   Number         0  gpio.o ABSOLUTE
    handlers.s                               0x00000000   Number         0  handlers.o ABSOLUTE
    init.s                                   0x00000000   Number         0  init.o ABSOLUTE
    interrupt.c                              0x00000000   Number         0  interrupt.o ABSOLUTE
    main.c                                   0x00000000   Number         0  main.o ABSOLUTE
    ssi.c                                    0x00000000   Number         0  ssi.o ABSOLUTE
    startup_rvmdk.S                          0x00000000   Number         0  startup_rvmdk.o ABSOLUTE
    sysctl.c                                 0x00000000   Number         0  sysctl.o ABSOLUTE
    sysctl.c                                 0x00000000   Number         0  sysctl.o ABSOLUTE
    uart.c                                   0x00000000   Number         0  uart.o ABSOLUTE
    $v0                                      0x0000026c   Number         0  startup_rvmdk.o(RESET)
    NmiSR                                    0x00000281   Thumb Code     0  startup_rvmdk.o(RESET)
    FaultISR                                 0x00000283   Thumb Code     0  startup_rvmdk.o(RESET)
    IntDefaultHandler                        0x00000285   Thumb Code     0  startup_rvmdk.o(RESET)
    .ARM.Collect$$$$00000000                 0x00000288   Section        0  entry.o(.ARM.Collect$$$$00000000)
    .ARM.Collect$$$$00000001                 0x00000288   Section        4  entry2.o(.ARM.Collect$$$$00000001)
    .ARM.Collect$$$$00000004                 0x0000028c   Section        4  entry5.o(.ARM.Collect$$$$00000004)
    .ARM.Collect$$$$00000008                 0x00000290   Section        0  entry7b.o(.ARM.Collect$$$$00000008)
    .ARM.Collect$$$$0000000A                 0x00000290   Section        0  entry8b.o(.ARM.Collect$$$$0000000A)
    .ARM.Collect$$$$0000000B                 0x00000290   Section        8  entry9a.o(.ARM.Collect$$$$0000000B)
    .ARM.Collect$$$$0000000D                 0x00000298   Section        0  entry10a.o(.ARM.Collect$$$$0000000D)
    .ARM.Collect$$$$0000000F                 0x00000298   Section        0  entry11a.o(.ARM.Collect$$$$0000000F)
    .ARM.Collect$$$$00002712                 0x00000298   Section        4  entry2.o(.ARM.Collect$$$$00002712)
    __lit__00000000                          0x00000298   Data           4  entry2.o(.ARM.Collect$$$$00002712)
    .emb_text                                0x0000029c   Section        6  sysctl.o(.emb_text)
    $v0                                      0x0000029c   Number         0  sysctl.o(.emb_text)
    .emb_text                                0x000002a4   Section       38  cpu.o(.emb_text)
    $v0                                      0x000002a4   Number         0  cpu.o(.emb_text)
    .text                                    0x000002ca   Section        0  memcpya.o(.text)
    .text                                    0x000002ee   Section        0  memseta.o(.text)
    .text                                    0x00000312   Section        0  strstr.o(.text)
    .text                                    0x00000336   Section        0  strlen.o(.text)
    .text                                    0x00000344   Section        0  strcpy.o(.text)
    .text                                    0x00000358   Section       36  init.o(.text)
    i.Board_Input                            0x0000037c   Section        0  led.o(i.Board_Input)
    i.CC3100_InterruptDisable                0x00000390   Section        0  board.o(i.CC3100_InterruptDisable)
    i.CC3100_InterruptEnable                 0x0000039c   Section        0  board.o(i.CC3100_InterruptEnable)
    i.CC3100_disable                         0x000003a8   Section        0  board.o(i.CC3100_disable)
    i.CC3100_enable                          0x000003bc   Section        0  board.o(i.CC3100_enable)
    i.CopyPingResultsToReport                0x000003d0   Section        0  netapp.o(i.CopyPingResultsToReport)
    i.Crash                                  0x000003ea   Section        0  main.o(i.Crash)
    i.CreateConnection                       0x000003fc   Section        0  main.o(i.CreateConnection)
    CreateConnection                         0x000003fd   Thumb Code    84  main.o(i.CreateConnection)
    i.FPUEnable                              0x0000048c   Section        0  fpu.o(i.FPUEnable)
    i.FPULazyStackingEnable                  0x0000049c   Section        0  fpu.o(i.FPULazyStackingEnable)
    i.GPIOB_intHandler                       0x000004ac   Section        0  board.o(i.GPIOB_intHandler)
    i.GPIODirModeSet                         0x000004e0   Section        0  gpio.o(i.GPIODirModeSet)
    i.GPIOIntClear                           0x00000508   Section        0  gpio.o(i.GPIOIntClear)
    i.GPIOIntDisable                         0x0000050e   Section        0  gpio.o(i.GPIOIntDisable)
    i.GPIOIntEnable                          0x0000051c   Section        0  gpio.o(i.GPIOIntEnable)
    i.GPIOIntStatus                          0x0000052a   Section        0  gpio.o(i.GPIOIntStatus)
    i.GPIOIntTypeSet                         0x00000538   Section        0  gpio.o(i.GPIOIntTypeSet)
    i.GPIOPadConfigSet                       0x00000588   Section        0  gpio.o(i.GPIOPadConfigSet)
    i.GPIOPinConfigure                       0x000006c4   Section        0  gpio.o(i.GPIOPinConfigure)
    i.GPIOPinTypeGPIOInput                   0x0000070c   Section        0  gpio.o(i.GPIOPinTypeGPIOInput)
    i.GPIOPinTypeSSI                         0x00000728   Section        0  gpio.o(i.GPIOPinTypeSSI)
    i.GPIOPinWrite                           0x00000744   Section        0  gpio.o(i.GPIOPinWrite)
    i.GetStartResponseConvert                0x0000074a   Section        0  device.o(i.GetStartResponseConvert)
    i.IntEnable                              0x00000790   Section        0  interrupt.o(i.IntEnable)
    i.IntMasterEnable                        0x000007f4   Section        0  interrupt.o(i.IntMasterEnable)
    i.IsBufferEmpty                          0x00000802   Section        0  uartstdio.o(i.IsBufferEmpty)
    IsBufferEmpty                            0x00000803   Thumb Code    16  uartstdio.o(i.IsBufferEmpty)
    i.IsBufferFull                           0x00000812   Section        0  uartstdio.o(i.IsBufferFull)
    IsBufferFull                             0x00000813   Thumb Code    26  uartstdio.o(i.IsBufferFull)
    i.LCD_Init                               0x0000082c   Section        0  main.o(i.LCD_Init)
    i.LCD_OutString                          0x0000087c   Section        0  main.o(i.LCD_OutString)
    i.LED_GreenOff                           0x00000890   Section        0  led.o(i.LED_GreenOff)
    i.LED_GreenOn                            0x0000089c   Section        0  led.o(i.LED_GreenOn)
    i.LED_Init                               0x000008a8   Section        0  led.o(i.LED_Init)
    i.LED_RedToggle                          0x0000090c   Section        0  led.o(i.LED_RedToggle)
    i.Nokia5110_Clear                        0x0000091c   Section        0  nokia5110.o(i.Nokia5110_Clear)
    i.Nokia5110_Init                         0x00000940   Section        0  nokia5110.o(i.Nokia5110_Init)
    i.Nokia5110_OutChar                      0x00000a64   Section        0  nokia5110.o(i.Nokia5110_OutChar)
    i.Nokia5110_OutString                    0x00000ae4   Section        0  nokia5110.o(i.Nokia5110_OutString)
    i.Nokia5110_SetCursor                    0x00000af8   Section        0  nokia5110.o(i.Nokia5110_SetCursor)
    i.SSIConfigSetExpClk                     0x00000b2c   Section        0  ssi.o(i.SSIConfigSetExpClk)
    i.SSIDataGetNonBlocking                  0x00000b76   Section        0  ssi.o(i.SSIDataGetNonBlocking)
    i.SSIDataPutNonBlocking                  0x00000b8a   Section        0  ssi.o(i.SSIDataPutNonBlocking)
    i.SSIEnable                              0x00000b9a   Section        0  ssi.o(i.SSIEnable)
    i.SimpleLinkHttpServerCallback           0x00000ba4   Section        0  main.o(i.SimpleLinkHttpServerCallback)
    i.SimpleLinkNetAppEventHandler           0x00000bd0   Section        0  main.o(i.SimpleLinkNetAppEventHandler)
    i.SimpleLinkWlanEventHandler             0x00000c10   Section        0  main.o(i.SimpleLinkWlanEventHandler)
    i.SysCtlClockGet                         0x00000ce0   Section        0  sysctl.o(i.SysCtlClockGet)
    i.SysCtlClockSet                         0x00000e44   Section        0  sysctl.o(i.SysCtlClockSet)
    i.SysCtlPeripheralEnable                 0x00000f64   Section        0  sysctl.o(i.SysCtlPeripheralEnable)
    i.UARTFlushRx                            0x00000f8c   Section        0  uartstdio.o(i.UARTFlushRx)
    i.UARTFlushTx                            0x00000fb4   Section        0  uartstdio.o(i.UARTFlushTx)
    i.UARTPrimeTransmit                      0x00000fec   Section        0  uartstdio.o(i.UARTPrimeTransmit)
    UARTPrimeTransmit                        0x00000fed   Thumb Code   108  uartstdio.o(i.UARTPrimeTransmit)
    i.UARTStdioConfig                        0x00001064   Section        0  uartstdio.o(i.UARTStdioConfig)
    i.UARTStdioIntHandler                    0x000010fc   Section        0  uartstdio.o(i.UARTStdioIntHandler)
    i.UARTprintf                             0x00001204   Section        0  uartstdio.o(i.UARTprintf)
    i.UARTvprintf                            0x00001218   Section        0  uartstdio.o(i.UARTvprintf)
    i.UARTwrite                              0x000013cc   Section        0  uartstdio.o(i.UARTwrite)
    i.WlanConnect                            0x0000145c   Section        0  main.o(i.WlanConnect)
    i._SlAsyncEventGenericHandler            0x000014b0   Section        0  driver.o(i._SlAsyncEventGenericHandler)
    i._SlDrvBasicCmd                         0x00001790   Section        0  driver.o(i._SlDrvBasicCmd)
    i._SlDrvClassifyRxMsg                    0x000017b8   Section        0  driver.o(i._SlDrvClassifyRxMsg)
    i._SlDrvCmdOp                            0x00001840   Section        0  driver.o(i._SlDrvCmdOp)
    i._SlDrvCmdSend                          0x00001894   Section        0  driver.o(i._SlDrvCmdSend)
    i._SlDrvDataReadOp                       0x000018b0   Section        0  driver.o(i._SlDrvDataReadOp)
    i._SlDrvDataWriteOp                      0x00001a00   Section        0  driver.o(i._SlDrvDataWriteOp)
    i._SlDrvDeviceEventHandler               0x00001b14   Section        0  device.o(i._SlDrvDeviceEventHandler)
    i._SlDrvDriverCBDeinit                   0x00001b30   Section        0  driver.o(i._SlDrvDriverCBDeinit)
    i._SlDrvDriverCBInit                     0x00001b90   Section        0  driver.o(i._SlDrvDriverCBInit)
    i._SlDrvFlowContDeinit                   0x00001c20   Section        0  flowcont.o(i._SlDrvFlowContDeinit)
    i._SlDrvFlowContInit                     0x00001c4c   Section        0  flowcont.o(i._SlDrvFlowContInit)
    i._SlDrvMsgRead                          0x00001c7c   Section        0  driver.o(i._SlDrvMsgRead)
    i._SlDrvMsgReadCmdCtx                    0x00001fc8   Section        0  driver.o(i._SlDrvMsgReadCmdCtx)
    i._SlDrvMsgReadSpawnCtx                  0x0000206c   Section        0  driver.o(i._SlDrvMsgReadSpawnCtx)
    i._SlDrvMsgWrite                         0x000020f4   Section        0  driver.o(i._SlDrvMsgWrite)
    i._SlDrvNetAppEventHandler               0x000021e4   Section        0  netapp.o(i._SlDrvNetAppEventHandler)
    i._SlDrvObjDeInit                        0x000022ac   Section        0  driver.o(i._SlDrvObjDeInit)
    i._SlDrvObjInit                          0x000022c4   Section        0  driver.o(i._SlDrvObjInit)
    i._SlDrvReleasePoolObj                   0x00002300   Section        0  driver.o(i._SlDrvReleasePoolObj)
    i._SlDrvRxHdrRead                        0x000023e4   Section        0  driver.o(i._SlDrvRxHdrRead)
    i._SlDrvRxIrqHandler                     0x00002510   Section        0  driver.o(i._SlDrvRxIrqHandler)
    i._SlDrvShiftDWord                       0x0000254c   Section        0  driver.o(i._SlDrvShiftDWord)
    i._SlDrvWaitForPoolObj                   0x00002564   Section        0  driver.o(i._SlDrvWaitForPoolObj)
    i._SlFindAndSetActiveObj                 0x00002668   Section        0  driver.o(i._SlFindAndSetActiveObj)
    i._SlNonOsMainLoopTask                   0x000026fc   Section        0  nonos.o(i._SlNonOsMainLoopTask)
    i._SlNonOsSemGet                         0x0000273c   Section        0  nonos.o(i._SlNonOsSemGet)
    i._SlNonOsSemSet                         0x0000276e   Section        0  nonos.o(i._SlNonOsSemSet)
    i._SlNonOsSpawn                          0x00002774   Section        0  nonos.o(i._SlNonOsSpawn)
    i._SlRemoveFromList                      0x00002798   Section        0  driver.o(i._SlRemoveFromList)
    i.__scatterload_copy                     0x000027f0   Section       14  handlers.o(i.__scatterload_copy)
    i.__scatterload_null                     0x000027fe   Section        2  handlers.o(i.__scatterload_null)
    i.__scatterload_zeroinit                 0x00002800   Section       14  handlers.o(i.__scatterload_zeroinit)
    i._sl_BuildAddress                       0x0000280e   Section        0  socket.o(i._sl_BuildAddress)
    i._sl_HandleAsync_Accept                 0x00002834   Section        0  socket.o(i._sl_HandleAsync_Accept)
    i._sl_HandleAsync_Connect                0x000028a8   Section        0  socket.o(i._sl_HandleAsync_Connect)
    i._sl_HandleAsync_DnsGetHostByName       0x00002924   Section        0  netapp.o(i._sl_HandleAsync_DnsGetHostByName)
    i._sl_HandleAsync_DnsGetHostByService    0x00002998   Section        0  netapp.o(i._sl_HandleAsync_DnsGetHostByService)
    i._sl_HandleAsync_InitComplete           0x00002a04   Section        0  device.o(i._sl_HandleAsync_InitComplete)
    i._sl_HandleAsync_PingResponse           0x00002a88   Section        0  netapp.o(i._sl_HandleAsync_PingResponse)
    i._sl_HandleAsync_Select                 0x00002b08   Section        0  socket.o(i._sl_HandleAsync_Select)
    i._sl_HandleAsync_Stop                   0x00002b6c   Section        0  device.o(i._sl_HandleAsync_Stop)
    i._sl_TruncatePayloadByProtocol          0x00002bcc   Section        0  socket.o(i._sl_TruncatePayloadByProtocol)
    i.configureSimpleLinkToDefaultState      0x00002c20   Section        0  main.o(i.configureSimpleLinkToDefaultState)
    configureSimpleLinkToDefaultState        0x00002c21   Thumb Code   218  main.o(i.configureSimpleLinkToDefaultState)
    i.getWeather                             0x00002d04   Section        0  main.o(i.getWeather)
    getWeather                               0x00002d05   Thumb Code   266  main.o(i.getWeather)
    i.initClk                                0x00002e74   Section        0  board.o(i.initClk)
    i.initializeAppVariables                 0x00002e8c   Section        0  main.o(i.initializeAppVariables)
    initializeAppVariables                   0x00002e8d   Thumb Code    22  main.o(i.initializeAppVariables)
    i.lcdwrite                               0x00002eac   Section        0  nokia5110.o(i.lcdwrite)
    lcdwrite                                 0x00002ead   Thumb Code    46  nokia5110.o(i.lcdwrite)
    i.main                                   0x00002ee0   Section        0  main.o(i.main)
    i.registerInterruptHandler               0x00003024   Section        0  board.o(i.registerInterruptHandler)
    i.sl_Close                               0x00003030   Section        0  socket.o(i.sl_Close)
    i.sl_Connect                             0x00003050   Section        0  socket.o(i.sl_Connect)
    i.sl_DevGet                              0x0000313c   Section        0  device.o(i.sl_DevGet)
    i.sl_Htonl                               0x000031ac   Section        0  socket.o(i.sl_Htonl)
    i.sl_Htons                               0x000031d4   Section        0  socket.o(i.sl_Htons)
    i.sl_NetAppDnsGetHostByName              0x00003204   Section        0  netapp.o(i.sl_NetAppDnsGetHostByName)
    i.sl_NetAppMDNSRegisterUnregisterService 0x000032dc   Section        0  netapp.o(i.sl_NetAppMDNSRegisterUnregisterService)
    i.sl_NetAppMDNSUnRegisterService         0x00003358   Section        0  netapp.o(i.sl_NetAppMDNSUnRegisterService)
    i.sl_NetAppSendTokenValue                0x0000336c   Section        0  netapp.o(i.sl_NetAppSendTokenValue)
    i.sl_NetCfgSet                           0x000033bc   Section        0  netcfg.o(i.sl_NetCfgSet)
    i.sl_Recv                                0x000033fc   Section        0  socket.o(i.sl_Recv)
    i.sl_Send                                0x0000343c   Section        0  socket.o(i.sl_Send)
    i.sl_Socket                              0x000034e8   Section        0  socket.o(i.sl_Socket)
    i.sl_Start                               0x00003518   Section        0  device.o(i.sl_Start)
    i.sl_Stop                                0x000035d0   Section        0  device.o(i.sl_Stop)
    i.sl_WlanConnect                         0x00003698   Section        0  wlan.o(i.sl_WlanConnect)
    i.sl_WlanDisconnect                      0x0000383c   Section        0  wlan.o(i.sl_WlanDisconnect)
    i.sl_WlanPolicySet                       0x00003844   Section        0  wlan.o(i.sl_WlanPolicySet)
    i.sl_WlanProfileDel                      0x0000387c   Section        0  wlan.o(i.sl_WlanProfileDel)
    i.sl_WlanSet                             0x0000389c   Section        0  wlan.o(i.sl_WlanSet)
    i.sl_WlanSetMode                         0x000038dc   Section        0  wlan.o(i.sl_WlanSetMode)
    i.spi_Close                              0x000038fc   Section        0  spi.o(i.spi_Close)
    i.spi_Open                               0x00003908   Section        0  spi.o(i.spi_Open)
    i.spi_Read                               0x00003a08   Section        0  spi.o(i.spi_Read)
    i.spi_Write                              0x00003a60   Section        0  spi.o(i.spi_Write)
    i.stopWDT                                0x00003ab4   Section        0  board.o(i.stopWDT)
    .constdata                               0x00003ab8   Section      250  main.o(.constdata)
    .constdata                               0x00003bb2   Section      488  nokia5110.o(.constdata)
    ASCII                                    0x00003bba   Data         480  nokia5110.o(.constdata)
    .constdata                               0x00003d9a   Section       20  device.o(.constdata)
    .constdata                               0x00003db0   Section       72  driver.o(.constdata)
    .constdata                               0x00003df8   Section       40  netapp.o(.constdata)
    .constdata                               0x00003e20   Section        8  netcfg.o(.constdata)
    .constdata                               0x00003e28   Section       48  socket.o(.constdata)
    .constdata                               0x00003e58   Section       52  wlan.o(.constdata)
    .constdata                               0x00003e8c   Section       40  uartstdio.o(.constdata)
    g_pcHex                                  0x00003e8c   Data           4  uartstdio.o(.constdata)
    g_ui32UARTBase                           0x00003e90   Data          12  uartstdio.o(.constdata)
    g_ui32UARTInt                            0x00003e9c   Data          12  uartstdio.o(.constdata)
    g_ui32UARTPeriph                         0x00003ea8   Data          12  uartstdio.o(.constdata)
    .constdata                               0x00003eb4   Section      528  gpio.o(.constdata)
    g_ppui32GPIOIntMapBlizzard               0x00003eb4   Data         192  gpio.o(.constdata)
    g_ppui32GPIOIntMapSnowflake              0x00003f74   Data         192  gpio.o(.constdata)
    g_pui32GPIOBaseAddrs                     0x00004034   Data         144  gpio.o(.constdata)
    .constdata                               0x000040c4   Section      268  interrupt.o(.constdata)
    g_pui32Priority                          0x000040c4   Data          32  interrupt.o(.constdata)
    g_pui32Regs                              0x000040e4   Data         156  interrupt.o(.constdata)
    g_pui32EnRegs                            0x00004180   Data          20  interrupt.o(.constdata)
    g_pui32Dii16Regs                         0x00004194   Data          20  interrupt.o(.constdata)
    g_pui32PendRegs                          0x000041a8   Data          20  interrupt.o(.constdata)
    g_pui32UnpendRegs                        0x000041bc   Data          20  interrupt.o(.constdata)
    .constdata                               0x000041d0   Section      452  sysctl.o(.constdata)
    g_pui32VCOFrequencies                    0x000041d0   Data           8  sysctl.o(.constdata)
    g_pui32Xtals                             0x000041d8   Data         108  sysctl.o(.constdata)
    g_pppui32XTALtoVCO                       0x00004244   Data         288  sysctl.o(.constdata)
    g_sXTALtoMEMTIM                          0x00004364   Data          48  sysctl.o(.constdata)
    .conststring                             0x00004394   Section       17  uartstdio.o(.conststring)
    .data                                    0x20000000   Section        4  main.o(.data)
    .data                                    0x20000004   Section        8  board.o(.data)
    .data                                    0x2000000c   Section        8  nokia5110.o(.data)
    .data                                    0x20000014   Section        4  driver.o(.data)
    .data                                    0x20000018   Section        4  driver.o(.data)
    .data                                    0x2000001c   Section       28  uartstdio.o(.data)
    bLastWasCR                               0x2000001c   Data           1  uartstdio.o(.data)
    g_bDisableEcho                           0x2000001d   Data           1  uartstdio.o(.data)
    g_ui32UARTTxWriteIndex                   0x20000020   Data           4  uartstdio.o(.data)
    g_ui32UARTTxReadIndex                    0x20000024   Data           4  uartstdio.o(.data)
    g_ui32UARTRxWriteIndex                   0x20000028   Data           4  uartstdio.o(.data)
    g_ui32UARTRxReadIndex                    0x2000002c   Data           4  uartstdio.o(.data)
    g_ui32Base                               0x20000030   Data           4  uartstdio.o(.data)
    g_ui32PortNum                            0x20000034   Data           4  uartstdio.o(.data)
    .bss                                     0x20000038   Section     1884  main.o(.bss)
    .bss                                     0x20000794   Section      356  driver.o(.bss)
    .bss                                     0x200008f8   Section       40  nonos.o(.bss)
    .bss                                     0x20000920   Section     1152  uartstdio.o(.bss)
    g_pcUARTTxBuffer                         0x20000920   Data        1024  uartstdio.o(.bss)
    g_pcUARTRxBuffer                         0x20000d20   Data         128  uartstdio.o(.bss)
    STACK                                    0x20000da0   Section    16384  startup_rvmdk.o(STACK)
    StackMem                                 0x20000da0   Data           0  startup_rvmdk.o(STACK)

    Global Symbols

    Symbol Name                              Value     Ov Type        Size  Object(Section)

    BuildAttributes$$THM_ISAv4$E$P$D$K$B$S$7EM$VFPi3$EXTD16$VFPS$VFMA$PE$A:L22UL41UL21$X:L11$S22US41US21$IEEE1$IW$USESV6$~STKCKD$USESV7$~SHL$OTIME$EBA8$MICROLIB$REQ8$PRES8$EABIv2 0x00000000   Number         0  anon$$obj.o ABSOLUTE
    __ARM_use_no_argv                        0x00000000   Number         0  main.o ABSOLUTE
    __Vectors                                0x00000000   Data           0  startup_rvmdk.o(RESET)
    __cpp_initialize__aeabi_                  - Undefined Weak Reference
    __cxa_finalize                            - Undefined Weak Reference
    __decompress                              - Undefined Weak Reference
    _clock_init                               - Undefined Weak Reference
    _microlib_exit                            - Undefined Weak Reference
    Reset_Handler                            0x0000026d   Thumb Code     0  startup_rvmdk.o(RESET)
    __main                                   0x00000289   Thumb Code     0  entry.o(.ARM.Collect$$$$00000000)
    _main_stk                                0x00000289   Thumb Code     0  entry2.o(.ARM.Collect$$$$00000001)
    _main_scatterload                        0x0000028d   Thumb Code     0  entry5.o(.ARM.Collect$$$$00000004)
    __main_after_scatterload                 0x00000291   Thumb Code     0  entry5.o(.ARM.Collect$$$$00000004)
    _main_clock                              0x00000291   Thumb Code     0  entry7b.o(.ARM.Collect$$$$00000008)
    _main_cpp_init                           0x00000291   Thumb Code     0  entry8b.o(.ARM.Collect$$$$0000000A)
    _main_init                               0x00000291   Thumb Code     0  entry9a.o(.ARM.Collect$$$$0000000B)
    __rt_final_cpp                           0x00000299   Thumb Code     0  entry10a.o(.ARM.Collect$$$$0000000D)
    __rt_final_exit                          0x00000299   Thumb Code     0  entry11a.o(.ARM.Collect$$$$0000000F)
    SysCtlDelay                              0x0000029d   Thumb Code     6  sysctl.o(.emb_text)
    CPUcpsid                                 0x000002a5   Thumb Code     8  cpu.o(.emb_text)
    CPUprimask                               0x000002ad   Thumb Code     6  cpu.o(.emb_text)
    CPUcpsie                                 0x000002b3   Thumb Code     8  cpu.o(.emb_text)
    CPUwfi                                   0x000002bb   Thumb Code     4  cpu.o(.emb_text)
    CPUbasepriSet                            0x000002bf   Thumb Code     6  cpu.o(.emb_text)
    CPUbasepriGet                            0x000002c5   Thumb Code     6  cpu.o(.emb_text)
    __aeabi_memcpy                           0x000002cb   Thumb Code    36  memcpya.o(.text)
    __aeabi_memcpy4                          0x000002cb   Thumb Code     0  memcpya.o(.text)
    __aeabi_memcpy8                          0x000002cb   Thumb Code     0  memcpya.o(.text)
    __aeabi_memset                           0x000002ef   Thumb Code    14  memseta.o(.text)
    __aeabi_memset4                          0x000002ef   Thumb Code     0  memseta.o(.text)
    __aeabi_memset8                          0x000002ef   Thumb Code     0  memseta.o(.text)
    __aeabi_memclr                           0x000002fd   Thumb Code     4  memseta.o(.text)
    __aeabi_memclr4                          0x000002fd   Thumb Code     0  memseta.o(.text)
    __aeabi_memclr8                          0x000002fd   Thumb Code     0  memseta.o(.text)
    _memset$wrapper                          0x00000301   Thumb Code    18  memseta.o(.text)
    strstr                                   0x00000313   Thumb Code    36  strstr.o(.text)
    strlen                                   0x00000337   Thumb Code    14  strlen.o(.text)
    strcpy                                   0x00000345   Thumb Code    18  strcpy.o(.text)
    __scatterload                            0x00000359   Thumb Code    28  init.o(.text)
    __scatterload_rt2                        0x00000359   Thumb Code     0  init.o(.text)
    Board_Input                              0x0000037d   Thumb Code    16  led.o(i.Board_Input)
    CC3100_InterruptDisable                  0x00000391   Thumb Code     8  board.o(i.CC3100_InterruptDisable)
    CC3100_InterruptEnable                   0x0000039d   Thumb Code     8  board.o(i.CC3100_InterruptEnable)
    CC3100_disable                           0x000003a9   Thumb Code    16  board.o(i.CC3100_disable)
    CC3100_enable                            0x000003bd   Thumb Code    16  board.o(i.CC3100_enable)
    CopyPingResultsToReport                  0x000003d1   Thumb Code    26  netapp.o(i.CopyPingResultsToReport)
    Crash                                    0x000003eb   Thumb Code    18  main.o(i.Crash)
    FPUEnable                                0x0000048d   Thumb Code    12  fpu.o(i.FPUEnable)
    FPULazyStackingEnable                    0x0000049d   Thumb Code    12  fpu.o(i.FPULazyStackingEnable)
    GPIOB_intHandler                         0x000004ad   Thumb Code    44  board.o(i.GPIOB_intHandler)
    GPIODirModeSet                           0x000004e1   Thumb Code    40  gpio.o(i.GPIODirModeSet)
    GPIOIntClear                             0x00000509   Thumb Code     6  gpio.o(i.GPIOIntClear)
    GPIOIntDisable                           0x0000050f   Thumb Code    14  gpio.o(i.GPIOIntDisable)
    GPIOIntEnable                            0x0000051d   Thumb Code    14  gpio.o(i.GPIOIntEnable)
    GPIOIntStatus                            0x0000052b   Thumb Code    14  gpio.o(i.GPIOIntStatus)
    GPIOIntTypeSet                           0x00000539   Thumb Code    80  gpio.o(i.GPIOIntTypeSet)
    GPIOPadConfigSet                         0x00000589   Thumb Code   314  gpio.o(i.GPIOPadConfigSet)
    GPIOPinConfigure                         0x000006c5   Thumb Code    64  gpio.o(i.GPIOPinConfigure)
    GPIOPinTypeGPIOInput                     0x0000070d   Thumb Code    28  gpio.o(i.GPIOPinTypeGPIOInput)
    GPIOPinTypeSSI                           0x00000729   Thumb Code    28  gpio.o(i.GPIOPinTypeSSI)
    GPIOPinWrite                             0x00000745   Thumb Code     6  gpio.o(i.GPIOPinWrite)
    GetStartResponseConvert                  0x0000074b   Thumb Code    68  device.o(i.GetStartResponseConvert)
    IntEnable                                0x00000791   Thumb Code    92  interrupt.o(i.IntEnable)
    IntMasterEnable                          0x000007f5   Thumb Code    14  interrupt.o(i.IntMasterEnable)
    LCD_Init                                 0x0000082d   Thumb Code    68  main.o(i.LCD_Init)
    LCD_OutString                            0x0000087d   Thumb Code    18  main.o(i.LCD_OutString)
    LED_GreenOff                             0x00000891   Thumb Code     8  led.o(i.LED_GreenOff)
    LED_GreenOn                              0x0000089d   Thumb Code     8  led.o(i.LED_GreenOn)
    LED_Init                                 0x000008a9   Thumb Code    78  led.o(i.LED_Init)
    LED_RedToggle                            0x0000090d   Thumb Code    12  led.o(i.LED_RedToggle)
    Nokia5110_Clear                          0x0000091d   Thumb Code    34  nokia5110.o(i.Nokia5110_Clear)
    Nokia5110_Init                           0x00000941   Thumb Code   258  nokia5110.o(i.Nokia5110_Init)
    Nokia5110_OutChar                        0x00000a65   Thumb Code   120  nokia5110.o(i.Nokia5110_OutChar)
    Nokia5110_OutString                      0x00000ae5   Thumb Code    20  nokia5110.o(i.Nokia5110_OutString)
    Nokia5110_SetCursor                      0x00000af9   Thumb Code    48  nokia5110.o(i.Nokia5110_SetCursor)
    SSIConfigSetExpClk                       0x00000b2d   Thumb Code    74  ssi.o(i.SSIConfigSetExpClk)
    SSIDataGetNonBlocking                    0x00000b77   Thumb Code    20  ssi.o(i.SSIDataGetNonBlocking)
    SSIDataPutNonBlocking                    0x00000b8b   Thumb Code    16  ssi.o(i.SSIDataPutNonBlocking)
    SSIEnable                                0x00000b9b   Thumb Code    10  ssi.o(i.SSIEnable)
    SimpleLinkHttpServerCallback             0x00000ba5   Thumb Code     6  main.o(i.SimpleLinkHttpServerCallback)
    SimpleLinkNetAppEventHandler             0x00000bd1   Thumb Code    24  main.o(i.SimpleLinkNetAppEventHandler)
    SimpleLinkWlanEventHandler               0x00000c11   Thumb Code    50  main.o(i.SimpleLinkWlanEventHandler)
    SysCtlClockGet                           0x00000ce1   Thumb Code   314  sysctl.o(i.SysCtlClockGet)
    SysCtlClockSet                           0x00000e45   Thumb Code   270  sysctl.o(i.SysCtlClockSet)
    SysCtlPeripheralEnable                   0x00000f65   Thumb Code    36  sysctl.o(i.SysCtlPeripheralEnable)
    UARTFlushRx                              0x00000f8d   Thumb Code    36  uartstdio.o(i.UARTFlushRx)
    UARTFlushTx                              0x00000fb5   Thumb Code    52  uartstdio.o(i.UARTFlushTx)
    UARTStdioConfig                          0x00001065   Thumb Code   142  uartstdio.o(i.UARTStdioConfig)
    UARTStdioIntHandler                      0x000010fd   Thumb Code   248  uartstdio.o(i.UARTStdioIntHandler)
    UARTprintf                               0x00001205   Thumb Code    18  uartstdio.o(i.UARTprintf)
    UARTvprintf                              0x00001219   Thumb Code   420  uartstdio.o(i.UARTvprintf)
    UARTwrite                                0x000013cd   Thumb Code   134  uartstdio.o(i.UARTwrite)
    WlanConnect                              0x0000145d   Thumb Code    54  main.o(i.WlanConnect)
    _SlAsyncEventGenericHandler              0x000014b1   Thumb Code   732  driver.o(i._SlAsyncEventGenericHandler)
    _SlDrvBasicCmd                           0x00001791   Thumb Code    40  driver.o(i._SlDrvBasicCmd)
    _SlDrvClassifyRxMsg                      0x000017b9   Thumb Code   114  driver.o(i._SlDrvClassifyRxMsg)
    _SlDrvCmdOp                              0x00001841   Thumb Code    80  driver.o(i._SlDrvCmdOp)
    _SlDrvCmdSend                            0x00001895   Thumb Code    24  driver.o(i._SlDrvCmdSend)
    _SlDrvDataReadOp                         0x000018b1   Thumb Code   326  driver.o(i._SlDrvDataReadOp)
    _SlDrvDataWriteOp                        0x00001a01   Thumb Code   272  driver.o(i._SlDrvDataWriteOp)
    _SlDrvDeviceEventHandler                 0x00001b15   Thumb Code    26  device.o(i._SlDrvDeviceEventHandler)
    _SlDrvDriverCBDeinit                     0x00001b31   Thumb Code    92  driver.o(i._SlDrvDriverCBDeinit)
    _SlDrvDriverCBInit                       0x00001b91   Thumb Code   134  driver.o(i._SlDrvDriverCBInit)
    _SlDrvFlowContDeinit                     0x00001c21   Thumb Code    40  flowcont.o(i._SlDrvFlowContDeinit)
    _SlDrvFlowContInit                       0x00001c4d   Thumb Code    42  flowcont.o(i._SlDrvFlowContInit)
    _SlDrvMsgRead                            0x00001c7d   Thumb Code   834  driver.o(i._SlDrvMsgRead)
    _SlDrvMsgReadCmdCtx                      0x00001fc9   Thumb Code   156  driver.o(i._SlDrvMsgReadCmdCtx)
    _SlDrvMsgReadSpawnCtx                    0x0000206d   Thumb Code   132  driver.o(i._SlDrvMsgReadSpawnCtx)
    _SlDrvMsgWrite                           0x000020f5   Thumb Code   232  driver.o(i._SlDrvMsgWrite)
    _SlDrvNetAppEventHandler                 0x000021e5   Thumb Code   198  netapp.o(i._SlDrvNetAppEventHandler)
    _SlDrvObjDeInit                          0x000022ad   Thumb Code    18  driver.o(i._SlDrvObjDeInit)
    _SlDrvObjInit                            0x000022c5   Thumb Code    54  driver.o(i._SlDrvObjInit)
    _SlDrvReleasePoolObj                     0x00002301   Thumb Code   222  driver.o(i._SlDrvReleasePoolObj)
    _SlDrvRxHdrRead                          0x000023e5   Thumb Code   282  driver.o(i._SlDrvRxHdrRead)
    _SlDrvRxIrqHandler                       0x00002511   Thumb Code    52  driver.o(i._SlDrvRxIrqHandler)
    _SlDrvShiftDWord                         0x0000254d   Thumb Code    22  driver.o(i._SlDrvShiftDWord)
    _SlDrvWaitForPoolObj                     0x00002565   Thumb Code   254  driver.o(i._SlDrvWaitForPoolObj)
    _SlFindAndSetActiveObj                   0x00002669   Thumb Code   138  driver.o(i._SlFindAndSetActiveObj)
    _SlNonOsMainLoopTask                     0x000026fd   Thumb Code    54  nonos.o(i._SlNonOsMainLoopTask)
    _SlNonOsSemGet                           0x0000273d   Thumb Code    50  nonos.o(i._SlNonOsSemGet)
    _SlNonOsSemSet                           0x0000276f   Thumb Code     6  nonos.o(i._SlNonOsSemSet)
    _SlNonOsSpawn                            0x00002775   Thumb Code    30  nonos.o(i._SlNonOsSpawn)
    _SlRemoveFromList                        0x00002799   Thumb Code    84  driver.o(i._SlRemoveFromList)
    __scatterload_copy                       0x000027f1   Thumb Code    14  handlers.o(i.__scatterload_copy)
    __scatterload_null                       0x000027ff   Thumb Code     2  handlers.o(i.__scatterload_null)
    __scatterload_zeroinit                   0x00002801   Thumb Code    14  handlers.o(i.__scatterload_zeroinit)
    _sl_BuildAddress                         0x0000280f   Thumb Code    38  socket.o(i._sl_BuildAddress)
    _sl_HandleAsync_Accept                   0x00002835   Thumb Code   110  socket.o(i._sl_HandleAsync_Accept)
    _sl_HandleAsync_Connect                  0x000028a9   Thumb Code   120  socket.o(i._sl_HandleAsync_Connect)
    _sl_HandleAsync_DnsGetHostByName         0x00002925   Thumb Code   110  netapp.o(i._sl_HandleAsync_DnsGetHostByName)
    _sl_HandleAsync_DnsGetHostByService      0x00002999   Thumb Code   102  netapp.o(i._sl_HandleAsync_DnsGetHostByService)
    _sl_HandleAsync_InitComplete             0x00002a05   Thumb Code   126  device.o(i._sl_HandleAsync_InitComplete)
    _sl_HandleAsync_PingResponse             0x00002a89   Thumb Code   120  netapp.o(i._sl_HandleAsync_PingResponse)
    _sl_HandleAsync_Select                   0x00002b09   Thumb Code    94  socket.o(i._sl_HandleAsync_Select)
    _sl_HandleAsync_Stop                     0x00002b6d   Thumb Code    90  device.o(i._sl_HandleAsync_Stop)
    _sl_TruncatePayloadByProtocol            0x00002bcd   Thumb Code    84  socket.o(i._sl_TruncatePayloadByProtocol)
    initClk                                  0x00002e75   Thumb Code    20  board.o(i.initClk)
    main                                     0x00002ee1   Thumb Code   174  main.o(i.main)
    registerInterruptHandler                 0x00003025   Thumb Code     8  board.o(i.registerInterruptHandler)
    sl_Close                                 0x00003031   Thumb Code    26  socket.o(i.sl_Close)
    sl_Connect                               0x00003051   Thumb Code   224  socket.o(i.sl_Connect)
    sl_DevGet                                0x0000313d   Thumb Code   104  device.o(i.sl_DevGet)
    sl_Htonl                                 0x000031ad   Thumb Code    40  socket.o(i.sl_Htonl)
    sl_Htons                                 0x000031d5   Thumb Code    48  socket.o(i.sl_Htons)
    sl_NetAppDnsGetHostByName                0x00003205   Thumb Code   202  netapp.o(i.sl_NetAppDnsGetHostByName)
    sl_NetAppMDNSRegisterUnregisterService   0x000032dd   Thumb Code   118  netapp.o(i.sl_NetAppMDNSRegisterUnregisterService)
    sl_NetAppMDNSUnRegisterService           0x00003359   Thumb Code    18  netapp.o(i.sl_NetAppMDNSUnRegisterService)
    sl_NetAppSendTokenValue                  0x0000336d   Thumb Code    74  netapp.o(i.sl_NetAppSendTokenValue)
    sl_NetCfgSet                             0x000033bd   Thumb Code    58  netcfg.o(i.sl_NetCfgSet)
    sl_Recv                                  0x000033fd   Thumb Code    58  socket.o(i.sl_Recv)
    sl_Send                                  0x0000343d   Thumb Code   162  socket.o(i.sl_Send)
    sl_Socket                                0x000034e9   Thumb Code    42  socket.o(i.sl_Socket)
    sl_Start                                 0x00003519   Thumb Code   170  device.o(i.sl_Start)
    sl_Stop                                  0x000035d1   Thumb Code   186  device.o(i.sl_Stop)
    sl_WlanConnect                           0x00003699   Thumb Code   414  wlan.o(i.sl_WlanConnect)
    sl_WlanDisconnect                        0x0000383d   Thumb Code     8  wlan.o(i.sl_WlanDisconnect)
    sl_WlanPolicySet                         0x00003845   Thumb Code    52  wlan.o(i.sl_WlanPolicySet)
    sl_WlanProfileDel                        0x0000387d   Thumb Code    26  wlan.o(i.sl_WlanProfileDel)
    sl_WlanSet                               0x0000389d   Thumb Code    60  wlan.o(i.sl_WlanSet)
    sl_WlanSetMode                           0x000038dd   Thumb Code    26  wlan.o(i.sl_WlanSetMode)
    spi_Close                                0x000038fd   Thumb Code    10  spi.o(i.spi_Close)
    spi_Open                                 0x00003909   Thumb Code   214  spi.o(i.spi_Open)
    spi_Read                                 0x00003a09   Thumb Code    78  spi.o(i.spi_Read)
    spi_Write                                0x00003a61   Thumb Code    76  spi.o(i.spi_Write)
    stopWDT                                  0x00003ab5   Thumb Code     2  board.o(i.stopWDT)
    Masks                                    0x00003bb2   Data           8  nokia5110.o(.constdata)
    _SlStopCmdCtrl                           0x00003d9a   Data           4  device.o(.constdata)
    _SlEventMaskSetCmdCtrl                   0x00003d9e   Data           4  device.o(.constdata)
    _SlEventMaskGetCmdCtrl                   0x00003da2   Data           4  device.o(.constdata)
    _SlDeviceGetCmdCtrl                      0x00003da6   Data           4  device.o(.constdata)
    _SlDeviceSetCmdCtrl                      0x00003daa   Data           4  device.o(.constdata)
    g_H2NSyncPattern                         0x00003db0   Data           8  driver.o(.constdata)
    g_H2NCnysPattern                         0x00003db8   Data           8  driver.o(.constdata)
    _SlActionLookupTable                     0x00003dc0   Data          56  driver.o(.constdata)
    _SlNetAppStartCtrl                       0x00003df8   Data           4  netapp.o(.constdata)
    _SlNetAppStopCtrl                        0x00003dfc   Data           4  netapp.o(.constdata)
    _SlGetServiceListeCtrl                   0x00003e00   Data           4  netapp.o(.constdata)
    _SlRegisterServiceCtrl                   0x00003e04   Data           4  netapp.o(.constdata)
    _SlGetHostByServiceCtrl                  0x00003e08   Data           4  netapp.o(.constdata)
    _SlGetHostByNameCtrl                     0x00003e0c   Data           4  netapp.o(.constdata)
    _SlNetAppSetCmdCtrl                      0x00003e10   Data           4  netapp.o(.constdata)
    _SlNetAppSendTokenValueCmdCtrl           0x00003e14   Data           4  netapp.o(.constdata)
    _SlNetAppGetCmdCtrl                      0x00003e18   Data           4  netapp.o(.constdata)
    _SlNetCfgSetCmdCtrl                      0x00003e20   Data           4  netcfg.o(.constdata)
    _SlNetCfgGetCmdCtrl                      0x00003e24   Data           4  netcfg.o(.constdata)
    _SlSockSocketCmdCtrl                     0x00003e28   Data           4  socket.o(.constdata)
    _SlSockCloseCmdCtrl                      0x00003e2c   Data           4  socket.o(.constdata)
    _SlRecvfomCmdCtrl                        0x00003e30   Data           4  socket.o(.constdata)
    _SlSendCmdCtrl                           0x00003e34   Data           4  socket.o(.constdata)
    _SlListenCmdCtrl                         0x00003e38   Data           4  socket.o(.constdata)
    _SlAcceptCmdCtrl                         0x00003e3c   Data           4  socket.o(.constdata)
    _SlRecvCmdCtrl                           0x00003e40   Data           4  socket.o(.constdata)
    _SlSetSockOptCmdCtrl                     0x00003e44   Data           4  socket.o(.constdata)
    _SlGetSockOptCmdCtrl                     0x00003e48   Data           4  socket.o(.constdata)
    _SlSelectCmdCtrl                         0x00003e4c   Data           4  socket.o(.constdata)
    _SlPolicySetCmdCtrl                      0x00003e58   Data           4  wlan.o(.constdata)
    _SlPolicyGetCmdCtrl                      0x00003e5c   Data           4  wlan.o(.constdata)
    _SlProfileGetCmdCtrl                     0x00003e60   Data           4  wlan.o(.constdata)
    _SlProfileDelCmdCtrl                     0x00003e64   Data           4  wlan.o(.constdata)
    _SlWlanGetNetworkListCtrl                0x00003e68   Data           4  wlan.o(.constdata)
    _SlRxFilterAddtCmdCtrl                   0x00003e6c   Data           4  wlan.o(.constdata)
    _SlRxFilterSetCmdCtrl                    0x00003e70   Data           4  wlan.o(.constdata)
    _SlRxFilterGetCmdCtrl                    0x00003e74   Data           4  wlan.o(.constdata)
    _SlSmartConfigStartCmdCtrl               0x00003e78   Data           4  wlan.o(.constdata)
    _SlWlanSetModeCmdCtrl                    0x00003e7c   Data           4  wlan.o(.constdata)
    _SlWlanCfgSetCmdCtrl                     0x00003e80   Data           4  wlan.o(.constdata)
    _SlWlanCfgGetCmdCtrl                     0x00003e84   Data           4  wlan.o(.constdata)
    Region$$Table$$Base                      0x000043a8   Number         0  anon$$obj.o(Region$$Table)
    Region$$Table$$Limit                     0x000043c8   Number         0  anon$$obj.o(Region$$Table)
    g_Status                                 0x20000000   Data           4  main.o(.data)
    IntIsMasked                              0x20000004   Data           1  board.o(.data)
    pIrqEventHandler                         0x20000008   Data           4  board.o(.data)
    NokiaX                                   0x2000000c   Data           4  nokia5110.o(.data)
    NokiaY                                   0x20000010   Data           4  nokia5110.o(.data)
    g_pCB                                    0x20000014   Data           4  driver.o(.data)
    pPingCallBackFunc                        0x20000018   Data           4  driver.o(.data)
    City                                     0x20000038   Data         100  main.o(.bss)
    Temperature                              0x2000009c   Data         100  main.o(.bss)
    Weather                                  0x20000100   Data         100  main.o(.bss)
    appData                                  0x20000164   Data        1584  main.o(.bss)
    g_StatMem                                0x20000794   Data         356  driver.o(.bss)
    g__SlNonOsCB                             0x200008f8   Data          40  nonos.o(.bss)
    __initial_sp                             0x20004da0   Data           0  startup_rvmdk.o(STACK)



==============================================================================

Memory Map of the image

  Image Entry point : 0x0000026d

  Load Region LR_IROM (Base: 0x00000000, Size: 0x00004400, Max: 0x00040000, ABSOLUTE)

    Execution Region ER_IROM (Base: 0x00000000, Size: 0x000043c8, Max: 0x00040000, ABSOLUTE)

    Base Addr    Size         Type   Attr      Idx    E Section Name        Object

    0x00000000   0x00000288   Code   RO         1152  * RESET               startup_rvmdk.o
    0x00000288   0x00000000   Code   RO         2821  * .ARM.Collect$$$$00000000  mc_w.l(entry.o)
    0x00000288   0x00000004   Code   RO         2836    .ARM.Collect$$$$00000001  mc_w.l(entry2.o)
    0x0000028c   0x00000004   Code   RO         2839    .ARM.Collect$$$$00000004  mc_w.l(entry5.o)
    0x00000290   0x00000000   Code   RO         2841    .ARM.Collect$$$$00000008  mc_w.l(entry7b.o)
    0x00000290   0x00000000   Code   RO         2843    .ARM.Collect$$$$0000000A  mc_w.l(entry8b.o)
    0x00000290   0x00000008   Code   RO         2844    .ARM.Collect$$$$0000000B  mc_w.l(entry9a.o)
    0x00000298   0x00000000   Code   RO         2846    .ARM.Collect$$$$0000000D  mc_w.l(entry10a.o)
    0x00000298   0x00000000   Code   RO         2848    .ARM.Collect$$$$0000000F  mc_w.l(entry11a.o)
    0x00000298   0x00000004   Code   RO         2837    .ARM.Collect$$$$00002712  mc_w.l(entry2.o)
    0x0000029c   0x00000006   Code   RO         2180    .emb_text           driverlib.lib(sysctl.o)
    0x000002a2   0x00000002   PAD
    0x000002a4   0x00000026   Code   RO         2811    .emb_text           driverlib.lib(cpu.o)
    0x000002ca   0x00000024   Code   RO         2824    .text               mc_w.l(memcpya.o)
    0x000002ee   0x00000024   Code   RO         2826    .text               mc_w.l(memseta.o)
    0x00000312   0x00000024   Code   RO         2828    .text               mc_w.l(strstr.o)
    0x00000336   0x0000000e   Code   RO         2830    .text               mc_w.l(strlen.o)
    0x00000344   0x00000012   Code   RO         2832    .text               mc_w.l(strcpy.o)
    0x00000356   0x00000002   PAD
    0x00000358   0x00000024   Code   RO         2850    .text               mc_w.l(init.o)
    0x0000037c   0x00000014   Code   RO          370    i.Board_Input       led.o
    0x00000390   0x0000000c   Code   RO          184    i.CC3100_InterruptDisable  board.o
    0x0000039c   0x0000000c   Code   RO          185    i.CC3100_InterruptEnable  board.o
    0x000003a8   0x00000014   Code   RO          186    i.CC3100_disable    board.o
    0x000003bc   0x00000014   Code   RO          187    i.CC3100_enable     board.o
    0x000003d0   0x0000001a   Code   RO          775    i.CopyPingResultsToReport  netapp.o
    0x000003ea   0x00000012   Code   RO            1    i.Crash             main.o
    0x000003fc   0x00000090   Code   RO            2    i.CreateConnection  main.o
    0x0000048c   0x00000010   Code   RO         1524    i.FPUEnable         driverlib.lib(fpu.o)
    0x0000049c   0x00000010   Code   RO         1527    i.FPULazyStackingEnable  driverlib.lib(fpu.o)
    0x000004ac   0x00000034   Code   RO          189    i.GPIOB_intHandler  board.o
    0x000004e0   0x00000028   Code   RO         1600    i.GPIODirModeSet    driverlib.lib(gpio.o)
    0x00000508   0x00000006   Code   RO         1601    i.GPIOIntClear      driverlib.lib(gpio.o)
    0x0000050e   0x0000000e   Code   RO         1602    i.GPIOIntDisable    driverlib.lib(gpio.o)
    0x0000051c   0x0000000e   Code   RO         1603    i.GPIOIntEnable     driverlib.lib(gpio.o)
    0x0000052a   0x0000000e   Code   RO         1605    i.GPIOIntStatus     driverlib.lib(gpio.o)
    0x00000538   0x00000050   Code   RO         1607    i.GPIOIntTypeSet    driverlib.lib(gpio.o)
    0x00000588   0x0000013a   Code   RO         1610    i.GPIOPadConfigSet  driverlib.lib(gpio.o)
    0x000006c2   0x00000002   PAD
    0x000006c4   0x00000048   Code   RO         1611    i.GPIOPinConfigure  driverlib.lib(gpio.o)
    0x0000070c   0x0000001c   Code   RO         1620    i.GPIOPinTypeGPIOInput  driverlib.lib(gpio.o)
    0x00000728   0x0000001c   Code   RO         1634    i.GPIOPinTypeSSI    driverlib.lib(gpio.o)
    0x00000744   0x00000006   Code   RO         1642    i.GPIOPinWrite      driverlib.lib(gpio.o)
    0x0000074a   0x00000044   Code   RO          430    i.GetStartResponseConvert  device.o
    0x0000078e   0x00000002   PAD
    0x00000790   0x00000064   Code   RO         1916    i.IntEnable         driverlib.lib(interrupt.o)
    0x000007f4   0x0000000e   Code   RO         1919    i.IntMasterEnable   driverlib.lib(interrupt.o)
    0x00000802   0x00000010   Code   RO         1284    i.IsBufferEmpty     uartstdio.o
    0x00000812   0x0000001a   Code   RO         1285    i.IsBufferFull      uartstdio.o
    0x0000082c   0x00000050   Code   RO            3    i.LCD_Init          main.o
    0x0000087c   0x00000012   Code   RO            4    i.LCD_OutString     main.o
    0x0000088e   0x00000002   PAD
    0x00000890   0x0000000c   Code   RO          372    i.LED_GreenOff      led.o
    0x0000089c   0x0000000c   Code   RO          373    i.LED_GreenOn       led.o
    0x000008a8   0x00000064   Code   RO          375    i.LED_Init          led.o
    0x0000090c   0x00000010   Code   RO          378    i.LED_RedToggle     led.o
    0x0000091c   0x00000022   Code   RO          274    i.Nokia5110_Clear   nokia5110.o
    0x0000093e   0x00000002   PAD
    0x00000940   0x00000124   Code   RO          279    i.Nokia5110_Init    nokia5110.o
    0x00000a64   0x00000080   Code   RO          280    i.Nokia5110_OutChar  nokia5110.o
    0x00000ae4   0x00000014   Code   RO          281    i.Nokia5110_OutString  nokia5110.o
    0x00000af8   0x00000034   Code   RO          284    i.Nokia5110_SetCursor  nokia5110.o
    0x00000b2c   0x0000004a   Code   RO         2036    i.SSIConfigSetExpClk  driverlib.lib(ssi.o)
    0x00000b76   0x00000014   Code   RO         2040    i.SSIDataGetNonBlocking  driverlib.lib(ssi.o)
    0x00000b8a   0x00000010   Code   RO         2042    i.SSIDataPutNonBlocking  driverlib.lib(ssi.o)
    0x00000b9a   0x0000000a   Code   RO         2044    i.SSIEnable         driverlib.lib(ssi.o)
    0x00000ba4   0x0000002c   Code   RO            6    i.SimpleLinkHttpServerCallback  main.o
    0x00000bd0   0x00000040   Code   RO            7    i.SimpleLinkNetAppEventHandler  main.o
    0x00000c10   0x000000d0   Code   RO            9    i.SimpleLinkWlanEventHandler  main.o
    0x00000ce0   0x00000164   Code   RO         2183    i.SysCtlClockGet    driverlib.lib(sysctl.o)
    0x00000e44   0x00000120   Code   RO         2185    i.SysCtlClockSet    driverlib.lib(sysctl.o)
    0x00000f64   0x00000028   Code   RO         2214    i.SysCtlPeripheralEnable  driverlib.lib(sysctl.o)
    0x00000f8c   0x00000028   Code   RO         1287    i.UARTFlushRx       uartstdio.o
    0x00000fb4   0x00000038   Code   RO         1288    i.UARTFlushTx       uartstdio.o
    0x00000fec   0x00000078   Code   RO         1291    i.UARTPrimeTransmit  uartstdio.o
    0x00001064   0x00000098   Code   RO         1293    i.UARTStdioConfig   uartstdio.o
    0x000010fc   0x00000108   Code   RO         1294    i.UARTStdioIntHandler  uartstdio.o
    0x00001204   0x00000012   Code   RO         1298    i.UARTprintf        uartstdio.o
    0x00001216   0x00000002   PAD
    0x00001218   0x000001b4   Code   RO         1299    i.UARTvprintf       uartstdio.o
    0x000013cc   0x00000090   Code   RO         1300    i.UARTwrite         uartstdio.o
    0x0000145c   0x00000054   Code   RO           10    i.WlanConnect       main.o
    0x000014b0   0x000002e0   Code   RO          554    i._SlAsyncEventGenericHandler  driver.o
    0x00001790   0x00000028   Code   RO          555    i._SlDrvBasicCmd    driver.o
    0x000017b8   0x00000088   Code   RO          556    i._SlDrvClassifyRxMsg  driver.o
    0x00001840   0x00000054   Code   RO          557    i._SlDrvCmdOp       driver.o
    0x00001894   0x0000001c   Code   RO          558    i._SlDrvCmdSend     driver.o
    0x000018b0   0x00000150   Code   RO          559    i._SlDrvDataReadOp  driver.o
    0x00001a00   0x00000114   Code   RO          560    i._SlDrvDataWriteOp  driver.o
    0x00001b14   0x0000001a   Code   RO          431    i._SlDrvDeviceEventHandler  device.o
    0x00001b2e   0x00000002   PAD
    0x00001b30   0x00000060   Code   RO          561    i._SlDrvDriverCBDeinit  driver.o
    0x00001b90   0x00000090   Code   RO          562    i._SlDrvDriverCBInit  driver.o
    0x00001c20   0x0000002c   Code   RO          700    i._SlDrvFlowContDeinit  flowcont.o
    0x00001c4c   0x00000030   Code   RO          701    i._SlDrvFlowContInit  flowcont.o
    0x00001c7c   0x0000034c   Code   RO          563    i._SlDrvMsgRead     driver.o
    0x00001fc8   0x000000a4   Code   RO          564    i._SlDrvMsgReadCmdCtx  driver.o
    0x0000206c   0x00000088   Code   RO          565    i._SlDrvMsgReadSpawnCtx  driver.o
    0x000020f4   0x000000f0   Code   RO          566    i._SlDrvMsgWrite    driver.o
    0x000021e4   0x000000c6   Code   RO          776    i._SlDrvNetAppEventHandler  netapp.o
    0x000022aa   0x00000002   PAD
    0x000022ac   0x00000018   Code   RO          567    i._SlDrvObjDeInit   driver.o
    0x000022c4   0x0000003c   Code   RO          568    i._SlDrvObjInit     driver.o
    0x00002300   0x000000e4   Code   RO          569    i._SlDrvReleasePoolObj  driver.o
    0x000023e4   0x0000012c   Code   RO          570    i._SlDrvRxHdrRead   driver.o
    0x00002510   0x0000003c   Code   RO          571    i._SlDrvRxIrqHandler  driver.o
    0x0000254c   0x00000016   Code   RO          572    i._SlDrvShiftDWord  driver.o
    0x00002562   0x00000002   PAD
    0x00002564   0x00000104   Code   RO          573    i._SlDrvWaitForPoolObj  driver.o
    0x00002668   0x00000094   Code   RO          574    i._SlFindAndSetActiveObj  driver.o
    0x000026fc   0x00000040   Code   RO          913    i._SlNonOsMainLoopTask  nonos.o
    0x0000273c   0x00000032   Code   RO          914    i._SlNonOsSemGet    nonos.o
    0x0000276e   0x00000006   Code   RO          915    i._SlNonOsSemSet    nonos.o
    0x00002774   0x00000024   Code   RO          916    i._SlNonOsSpawn     nonos.o
    0x00002798   0x00000058   Code   RO          575    i._SlRemoveFromList  driver.o
    0x000027f0   0x0000000e   Code   RO         2854    i.__scatterload_copy  mc_w.l(handlers.o)
    0x000027fe   0x00000002   Code   RO         2855    i.__scatterload_null  mc_w.l(handlers.o)
    0x00002800   0x0000000e   Code   RO         2856    i.__scatterload_zeroinit  mc_w.l(handlers.o)
    0x0000280e   0x00000026   Code   RO          950    i._sl_BuildAddress  socket.o
    0x00002834   0x00000074   Code   RO          951    i._sl_HandleAsync_Accept  socket.o
    0x000028a8   0x0000007c   Code   RO          952    i._sl_HandleAsync_Connect  socket.o
    0x00002924   0x00000074   Code   RO          778    i._sl_HandleAsync_DnsGetHostByName  netapp.o
    0x00002998   0x0000006c   Code   RO          779    i._sl_HandleAsync_DnsGetHostByService  netapp.o
    0x00002a04   0x00000084   Code   RO          432    i._sl_HandleAsync_InitComplete  device.o
    0x00002a88   0x00000080   Code   RO          780    i._sl_HandleAsync_PingResponse  netapp.o
    0x00002b08   0x00000064   Code   RO          953    i._sl_HandleAsync_Select  socket.o
    0x00002b6c   0x00000060   Code   RO          433    i._sl_HandleAsync_Stop  device.o
    0x00002bcc   0x00000054   Code   RO          955    i._sl_TruncatePayloadByProtocol  socket.o
    0x00002c20   0x000000e4   Code   RO           11    i.configureSimpleLinkToDefaultState  main.o
    0x00002d04   0x00000170   Code   RO           12    i.getWeather        main.o
    0x00002e74   0x00000018   Code   RO          193    i.initClk           board.o
    0x00002e8c   0x00000020   Code   RO           13    i.initializeAppVariables  main.o
    0x00002eac   0x00000034   Code   RO          286    i.lcdwrite          nokia5110.o
    0x00002ee0   0x00000144   Code   RO           14    i.main              main.o
    0x00003024   0x0000000c   Code   RO          194    i.registerInterruptHandler  board.o
    0x00003030   0x00000020   Code   RO          958    i.sl_Close          socket.o
    0x00003050   0x000000ec   Code   RO          959    i.sl_Connect        socket.o
    0x0000313c   0x00000070   Code   RO          434    i.sl_DevGet         device.o
    0x000031ac   0x00000028   Code   RO          961    i.sl_Htonl          socket.o
    0x000031d4   0x00000030   Code   RO          962    i.sl_Htons          socket.o
    0x00003204   0x000000d8   Code   RO          781    i.sl_NetAppDnsGetHostByName  netapp.o
    0x000032dc   0x0000007c   Code   RO          786    i.sl_NetAppMDNSRegisterUnregisterService  netapp.o
    0x00003358   0x00000012   Code   RO          787    i.sl_NetAppMDNSUnRegisterService  netapp.o
    0x0000336a   0x00000002   PAD
    0x0000336c   0x00000050   Code   RO          789    i.sl_NetAppSendTokenValue  netapp.o
    0x000033bc   0x00000040   Code   RO          893    i.sl_NetCfgSet      netcfg.o
    0x000033fc   0x00000040   Code   RO          964    i.sl_Recv           socket.o
    0x0000343c   0x000000ac   Code   RO          967    i.sl_Send           socket.o
    0x000034e8   0x00000030   Code   RO          970    i.sl_Socket         socket.o
    0x00003518   0x000000b8   Code   RO          438    i.sl_Start          device.o
    0x000035d0   0x000000c8   Code   RO          439    i.sl_Stop           device.o
    0x00003698   0x000001a4   Code   RO         1160    i.sl_WlanConnect    wlan.o
    0x0000383c   0x00000008   Code   RO         1161    i.sl_WlanDisconnect  wlan.o
    0x00003844   0x00000038   Code   RO         1165    i.sl_WlanPolicySet  wlan.o
    0x0000387c   0x00000020   Code   RO         1167    i.sl_WlanProfileDel  wlan.o
    0x0000389c   0x00000040   Code   RO         1175    i.sl_WlanSet        wlan.o
    0x000038dc   0x00000020   Code   RO         1176    i.sl_WlanSetMode    wlan.o
    0x000038fc   0x0000000a   Code   RO         1111    i.spi_Close         spi.o
    0x00003906   0x00000002   PAD
    0x00003908   0x00000100   Code   RO         1112    i.spi_Open          spi.o
    0x00003a08   0x00000058   Code   RO         1113    i.spi_Read          spi.o
    0x00003a60   0x00000054   Code   RO         1114    i.spi_Write         spi.o
    0x00003ab4   0x00000002   Code   RO          195    i.stopWDT           board.o
    0x00003ab6   0x00000002   PAD
    0x00003ab8   0x000000fa   Data   RO           16    .constdata          main.o
    0x00003bb2   0x000001e8   Data   RO          288    .constdata          nokia5110.o
    0x00003d9a   0x00000014   Data   RO          441    .constdata          device.o
    0x00003dae   0x00000002   PAD
    0x00003db0   0x00000048   Data   RO          577    .constdata          driver.o
    0x00003df8   0x00000028   Data   RO          793    .constdata          netapp.o
    0x00003e20   0x00000008   Data   RO          894    .constdata          netcfg.o
    0x00003e28   0x00000030   Data   RO          971    .constdata          socket.o
    0x00003e58   0x00000034   Data   RO         1179    .constdata          wlan.o
    0x00003e8c   0x00000028   Data   RO         1302    .constdata          uartstdio.o
    0x00003eb4   0x00000210   Data   RO         1643    .constdata          driverlib.lib(gpio.o)
    0x000040c4   0x0000010c   Data   RO         1932    .constdata          driverlib.lib(interrupt.o)
    0x000041d0   0x000001c4   Data   RO         2235    .constdata          driverlib.lib(sysctl.o)
    0x00004394   0x00000011   Data   RO         1303    .conststring        uartstdio.o
    0x000043a5   0x00000003   PAD
    0x000043a8   0x00000020   Data   RO         2852    Region$$Table       anon$$obj.o


    Execution Region RW_IRAM (Base: 0x20000000, Size: 0x00004da0, Max: 0x00008000, ABSOLUTE)

    Base Addr    Size         Type   Attr      Idx    E Section Name        Object

    0x20000000   0x00000004   Data   RW           17    .data               main.o
    0x20000004   0x00000008   Data   RW          196    .data               board.o
    0x2000000c   0x00000008   Data   RW          289    .data               nokia5110.o
    0x20000014   0x00000004   Data   RW          578    .data               driver.o
    0x20000018   0x00000004   Data   RW          579    .data               driver.o
    0x2000001c   0x0000001c   Data   RW         1304    .data               uartstdio.o
    0x20000038   0x0000075c   Zero   RW           15    .bss                main.o
    0x20000794   0x00000164   Zero   RW          576    .bss                driver.o
    0x200008f8   0x00000028   Zero   RW          917    .bss                nonos.o
    0x20000920   0x00000480   Zero   RW         1301    .bss                uartstdio.o
    0x20000da0   0x00004000   Zero   RW         1150    STACK               startup_rvmdk.o


==============================================================================

Image component sizes


      Code (inc. data)   RO Data    RW Data    ZI Data      Debug   Object Name

       154         32          0          8          0       4025   board.o
       818         48         20          0          0      73405   device.o
      4450        156         72          8        356      21929   driver.o
        92         10          0          0          0       1076   flowcont.o
       160         38          0          0          0       1898   led.o
      1612        610        250          4       1884      41685   main.o
      1014         46         40          0          0       9546   netapp.o
        64          6          8          0          0       1429   netcfg.o
       578         52        488          8          0       7324   nokia5110.o
       156         16          0          0         40       3108   nonos.o
      1102         68         48          0          0       9717   socket.o
       438         60          0          0          0       2390   spi.o
       648        622          0          0      16384        216   startup_rvmdk.o
      1272         72         57         28       1152       8319   uartstdio.o
       612         26         52          0          0       6458   wlan.o

    ----------------------------------------------------------------------
     13190       1862       1072         56      19816     192525   Object Totals
         0          0         32          0          0          0   (incl. Generated)
        20          0          5          0          0          0   (incl. Padding)

    ----------------------------------------------------------------------

      Code (inc. data)   RO Data    RW Data    ZI Data      Debug   Library Member Name

        38          0          0          0          0        504   cpu.o
        32          8          0          0          0       3548   fpu.o
       616          8        528          0          0       6323   gpio.o
       114          8        268          0          0       1774   interrupt.o
       120          0          0          0          0       2749   ssi.o
       690         64        452          0          0       3951   sysctl.o
         0          0          0          0          0          0   entry.o
         0          0          0          0          0          0   entry10a.o
         0          0          0          0          0          0   entry11a.o
         8          4          0          0          0          0   entry2.o
         4          0          0          0          0          0   entry5.o
         0          0          0          0          0          0   entry7b.o
         0          0          0          0          0          0   entry8b.o
         8          4          0          0          0          0   entry9a.o
        30          0          0          0          0          0   handlers.o
        36          8          0          0          0         68   init.o
        36          0          0          0          0         68   memcpya.o
        36          0          0          0          0        108   memseta.o
        18          0          0          0          0         68   strcpy.o
        14          0          0          0          0         68   strlen.o
        36          0          0          0          0         80   strstr.o

    ----------------------------------------------------------------------
      1842        104       1248          0          0      19309   Library Totals
         6          0          0          0          0          0   (incl. Padding)

    ----------------------------------------------------------------------

      Code (inc. data)   RO Data    RW Data    ZI Data      Debug   Library Name

      1610         88       1248          0          0      18849   driverlib.lib
       226         16          0          0          0        460   mc_w.l

    ----------------------------------------------------------------------
      1842        104       1248          0          0      19309   Library Totals

    ----------------------------------------------------------------------

==============================================================================


      Code (inc. data)   RO Data    RW Data    ZI Data      Debug   

     15032       1966       2320         56      19816     199478   Grand Totals
     15032       1966       2320         56      19816     199478   ELF Image Totals
     15032       1966       2320         56          0          0   ROM Totals

==============================================================================

    Total RO  Size (Code + RO Data)                17352 (  16.95kB)
    Total RW  Size (RW Data + ZI Data)             19872 (  19.41kB)
    Total ROM Size (Code + RO Data + RW Data)      17408 (  17.00kB)

==============================================================================

